Component: ARM Compiler 5.05 update 1 (build 106) Tool: armlink [4d0efa]

==============================================================================

Section Cross References

    term_project.o(i.TIMER0_IRQHandler) refers to led_mcb1700.o(i.LED_On) for LED_On
    term_project.o(i.TIMER0_IRQHandler) refers to led_mcb1700.o(i.LED_Off) for LED_Off
    term_project.o(i.TIMER0_IRQHandler) refers to term_project.o(.data) for tim0_realtime_flag
    term_project.o(i.TIMER0_Init_ByReg) refers to system_lpc17xx.o(.data) for SystemCoreClock
    term_project.o(i.TIMER0_MakeCar_ByReg) refers to dflt_clz.o(x$fpl$dflt) for __aeabi_i2d
    term_project.o(i.TIMER0_MakeCar_ByReg) refers to dmul.o(x$fpl$dmul) for __aeabi_dmul
    term_project.o(i.TIMER0_MakeCar_ByReg) refers to dfixu.o(x$fpl$dfixu) for __aeabi_d2uiz
    term_project.o(i.TIMER0_MakeCar_ByReg) refers to term_project.o(.data) for tim0_realtime_flag
    term_project.o(i.TIMER1_IRQHandler) refers to led_mcb1700.o(i.LED_On) for LED_On
    term_project.o(i.TIMER1_IRQHandler) refers to led_mcb1700.o(i.LED_Off) for LED_Off
    term_project.o(i.TIMER1_IRQHandler) refers to lpc17xx_timer.o(i.TIM_ResetCounter) for TIM_ResetCounter
    term_project.o(i.TIMER1_IRQHandler) refers to lpc17xx_timer.o(i.TIM_Cmd) for TIM_Cmd
    term_project.o(i.TIMER1_IRQHandler) refers to term_project.o(i.NVIC_ClearPendingIRQ) for NVIC_ClearPendingIRQ
    term_project.o(i.TIMER1_IRQHandler) refers to term_project.o(.data) for tim1_realtime_flag
    term_project.o(i.TIMER1_Init_ByFunc) refers to term_project.o(i.NVIC_ClearPendingIRQ) for NVIC_ClearPendingIRQ
    term_project.o(i.TIMER1_Init_ByFunc) refers to term_project.o(i.NVIC_EnableIRQ) for NVIC_EnableIRQ
    term_project.o(i.TIMER1_Init_ByFunc) refers to lpc17xx_timer.o(i.TIM_Init) for TIM_Init
    term_project.o(i.TIMER1_Init_ByFunc) refers to term_project.o(.data) for TIM1_ConfigStruct
    term_project.o(i.TIMER1_MakeCar_ByFunc) refers to lpc17xx_timer.o(i.TIM_ConfigMatch) for TIM_ConfigMatch
    term_project.o(i.TIMER1_MakeCar_ByFunc) refers to dflt_clz.o(x$fpl$dflt) for __aeabi_i2d
    term_project.o(i.TIMER1_MakeCar_ByFunc) refers to dmul.o(x$fpl$dmul) for __aeabi_dmul
    term_project.o(i.TIMER1_MakeCar_ByFunc) refers to dfixu.o(x$fpl$dfixu) for __aeabi_d2uiz
    term_project.o(i.TIMER1_MakeCar_ByFunc) refers to lpc17xx_timer.o(i.TIM_Cmd) for TIM_Cmd
    term_project.o(i.TIMER1_MakeCar_ByFunc) refers to term_project.o(.bss) for TIM1_MatchConfigStruct
    term_project.o(i.TIMER1_MakeCar_ByFunc) refers to term_project.o(.data) for tim1_realtime_flag
    term_project.o(i.TIMER2_IRQHandler) refers to led_mcb1700.o(i.LED_On) for LED_On
    term_project.o(i.TIMER2_IRQHandler) refers to led_mcb1700.o(i.LED_Off) for LED_Off
    term_project.o(i.TIMER2_IRQHandler) refers to term_project.o(.data) for tim2_realtime_flag
    term_project.o(i.TIMER2_Init_ByReg) refers to system_lpc17xx.o(.data) for SystemCoreClock
    term_project.o(i.TIMER2_MakeCar_ByReg) refers to dflt_clz.o(x$fpl$dflt) for __aeabi_i2d
    term_project.o(i.TIMER2_MakeCar_ByReg) refers to dmul.o(x$fpl$dmul) for __aeabi_dmul
    term_project.o(i.TIMER2_MakeCar_ByReg) refers to dfixu.o(x$fpl$dfixu) for __aeabi_d2uiz
    term_project.o(i.TIMER2_MakeCar_ByReg) refers to term_project.o(.data) for tim2_realtime_flag
    term_project.o(i.TIMER3_IRQHandler) refers to led_mcb1700.o(i.LED_On) for LED_On
    term_project.o(i.TIMER3_IRQHandler) refers to led_mcb1700.o(i.LED_Off) for LED_Off
    term_project.o(i.TIMER3_IRQHandler) refers to lpc17xx_timer.o(i.TIM_ResetCounter) for TIM_ResetCounter
    term_project.o(i.TIMER3_IRQHandler) refers to lpc17xx_timer.o(i.TIM_Cmd) for TIM_Cmd
    term_project.o(i.TIMER3_IRQHandler) refers to term_project.o(i.NVIC_ClearPendingIRQ) for NVIC_ClearPendingIRQ
    term_project.o(i.TIMER3_IRQHandler) refers to term_project.o(.data) for tim3_realtime_flag
    term_project.o(i.TIMER3_Init_ByFunc) refers to term_project.o(i.NVIC_ClearPendingIRQ) for NVIC_ClearPendingIRQ
    term_project.o(i.TIMER3_Init_ByFunc) refers to term_project.o(i.NVIC_EnableIRQ) for NVIC_EnableIRQ
    term_project.o(i.TIMER3_Init_ByFunc) refers to lpc17xx_timer.o(i.TIM_Init) for TIM_Init
    term_project.o(i.TIMER3_Init_ByFunc) refers to term_project.o(.data) for TIM3_ConfigStruct
    term_project.o(i.TIMER3_MakeCar_ByFunc) refers to lpc17xx_timer.o(i.TIM_ConfigMatch) for TIM_ConfigMatch
    term_project.o(i.TIMER3_MakeCar_ByFunc) refers to dflt_clz.o(x$fpl$dflt) for __aeabi_i2d
    term_project.o(i.TIMER3_MakeCar_ByFunc) refers to dmul.o(x$fpl$dmul) for __aeabi_dmul
    term_project.o(i.TIMER3_MakeCar_ByFunc) refers to dfixu.o(x$fpl$dfixu) for __aeabi_d2uiz
    term_project.o(i.TIMER3_MakeCar_ByFunc) refers to lpc17xx_timer.o(i.TIM_Cmd) for TIM_Cmd
    term_project.o(i.TIMER3_MakeCar_ByFunc) refers to term_project.o(.bss) for TIM3_MatchConfigStruct
    term_project.o(i.TIMER3_MakeCar_ByFunc) refers to term_project.o(.data) for tim3_realtime_flag
[...]
    lpc17xx_uart.o(i.UART_GetLineStatus) refers to term_project.o(i.check_failed) for check_failed
    lpc17xx_uart.o(i.UART_GetLineStatus) refers to lpc17xx_uart.o(.conststring) for .conststring
    lpc17xx_uart.o(i.UART_Init) refers to term_project.o(i.check_failed) for check_failed
    lpc17xx_uart.o(i.UART_Init) refers to lpc17xx_clkpwr.o(i.CLKPWR_ConfigPPWR) for CLKPWR_ConfigPPWR
    lpc17xx_uart.o(i.UART_Init) refers to lpc17xx_uart.o(i.uart_set_divisors) for uart_set_divisors
    lpc17xx_uart.o(i.UART_Init) refers to lpc17xx_uart.o(.conststring) for .conststring
    lpc17xx_uart.o(i.UART_IntConfig) refers to term_project.o(i.check_failed) for check_failed
    lpc17xx_uart.o(i.UART_IntConfig) refers to lpc17xx_uart.o(.conststring) for .conststring
    lpc17xx_uart.o(i.UART_IrDACmd) refers to term_project.o(i.check_failed) for check_failed
    lpc17xx_uart.o(i.UART_IrDACmd) refers to lpc17xx_uart.o(.conststring) for .conststring
    lpc17xx_uart.o(i.UART_IrDAInvtInputCmd) refers to term_project.o(i.check_failed) for check_failed
    lpc17xx_uart.o(i.UART_IrDAInvtInputCmd) refers to lpc17xx_uart.o(.conststring) for .conststring
    lpc17xx_uart.o(i.UART_IrDAPulseDivConfig) refers to term_project.o(i.check_failed) for check_failed
    lpc17xx_uart.o(i.UART_IrDAPulseDivConfig) refers to lpc17xx_uart.o(.conststring) for .conststring
    lpc17xx_uart.o(i.UART_RS485Config) refers to term_project.o(i.check_failed) for check_failed
    lpc17xx_uart.o(i.UART_RS485Config) refers to lpc17xx_uart.o(.conststring) for .conststring
    lpc17xx_uart.o(i.UART_RS485Send) refers to lpc17xx_uart.o(i.UART_Send) for UART_Send
    lpc17xx_uart.o(i.UART_RS485SendData) refers to lpc17xx_uart.o(i.UART_RS485Send) for UART_RS485Send
    lpc17xx_uart.o(i.UART_RS485SendSlvAddr) refers to lpc17xx_uart.o(i.UART_RS485Send) for UART_RS485Send
    lpc17xx_uart.o(i.UART_Receive) refers to lpc17xx_uart.o(i.UART_ReceiveByte) for UART_ReceiveByte
    lpc17xx_uart.o(i.UART_ReceiveByte) refers to term_project.o(i.check_failed) for check_failed
    lpc17xx_uart.o(i.UART_ReceiveByte) refers to lpc17xx_uart.o(.conststring) for .conststring
    lpc17xx_uart.o(i.UART_Send) refers to lpc17xx_uart.o(i.UART_SendByte) for UART_SendByte
    lpc17xx_uart.o(i.UART_SendByte) refers to term_project.o(i.check_failed) for check_failed
    lpc17xx_uart.o(i.UART_SendByte) refers to lpc17xx_uart.o(.conststring) for .conststring
    lpc17xx_uart.o(i.UART_TxCmd) refers to term_project.o(i.check_failed) for check_failed
    lpc17xx_uart.o(i.UART_TxCmd) refers to lpc17xx_uart.o(.conststring) for .conststring
    lpc17xx_uart.o(i.uart_set_divisors) refers to lpc17xx_clkpwr.o(i.CLKPWR_GetPCLK) for CLKPWR_GetPCLK
    lpc17xx_uart.o(i.uart_set_divisors) refers to lludivv7m.o(.text) for __aeabi_uldivmod
    lpc17xx_timer.o(i.TIM_ClearIntCapturePending) refers to term_project.o(i.check_failed) for check_failed
    lpc17xx_timer.o(i.TIM_ClearIntCapturePending) refers to lpc17xx_timer.o(.conststring) for .conststring
    lpc17xx_timer.o(i.TIM_ClearIntPending) refers to term_project.o(i.check_failed) for check_failed
    lpc17xx_timer.o(i.TIM_ClearIntPending) refers to lpc17xx_timer.o(.conststring) for .conststring
    lpc17xx_timer.o(i.TIM_Cmd) refers to term_project.o(i.check_failed) for check_failed
    lpc17xx_timer.o(i.TIM_Cmd) refers to lpc17xx_timer.o(.conststring) for .conststring
    lpc17xx_timer.o(i.TIM_ConfigCapture) refers to term_project.o(i.check_failed) for check_failed
    lpc17xx_timer.o(i.TIM_ConfigCapture) refers to lpc17xx_timer.o(.conststring) for .conststring
    lpc17xx_timer.o(i.TIM_ConfigMatch) refers to term_project.o(i.check_failed) for check_failed
    lpc17xx_timer.o(i.TIM_ConfigMatch) refers to lpc17xx_timer.o(.conststring) for .conststring
    lpc17xx_timer.o(i.TIM_DeInit) refers to term_project.o(i.check_failed) for check_failed
    lpc17xx_timer.o(i.TIM_DeInit) refers to lpc17xx_clkpwr.o(i.CLKPWR_ConfigPPWR) for CLKPWR_ConfigPPWR
    lpc17xx_timer.o(i.TIM_DeInit) refers to lpc17xx_timer.o(.conststring) for .conststring
    lpc17xx_timer.o(i.TIM_GetCaptureValue) refers to term_project.o(i.check_failed) for check_failed
    lpc17xx_timer.o(i.TIM_GetCaptureValue) refers to lpc17xx_timer.o(.conststring) for .conststring
    lpc17xx_timer.o(i.TIM_GetIntCaptureStatus) refers to term_project.o(i.check_failed) for check_failed
    lpc17xx_timer.o(i.TIM_GetIntCaptureStatus) refers to lpc17xx_timer.o(.conststring) for .conststring
    lpc17xx_timer.o(i.TIM_GetIntStatus) refers to term_project.o(i.check_failed) for check_failed
    lpc17xx_timer.o(i.TIM_GetIntStatus) refers to lpc17xx_timer.o(.conststring) for .conststring
    lpc17xx_timer.o(i.TIM_Init) refers to term_project.o(i.check_failed) for check_failed
    lpc17xx_timer.o(i.TIM_Init) refers to lpc17xx_clkpwr.o(i.CLKPWR_ConfigPPWR) for CLKPWR_ConfigPPWR
    lpc17xx_timer.o(i.TIM_Init) refers to lpc17xx_clkpwr.o(i.CLKPWR_SetPCLKDiv) for CLKPWR_SetPCLKDiv
    lpc17xx_timer.o(i.TIM_Init) refers to lpc17xx_timer.o(i.converPtrToTimeNum) for converPtrToTimeNum
    lpc17xx_timer.o(i.TIM_Init) refers to lpc17xx_timer.o(i.converUSecToVal) for converUSecToVal
    lpc17xx_timer.o(i.TIM_Init) refers to lpc17xx_timer.o(.conststring) for .conststring
    lpc17xx_timer.o(i.TIM_ResetCounter) refers to term_project.o(i.check_failed) for check_failed
    lpc17xx_timer.o(i.TIM_ResetCounter) refers to lpc17xx_timer.o(.conststring) for .conststring
    lpc17xx_timer.o(i.TIM_UpdateMatchValue) refers to term_project.o(i.check_failed) for check_failed
    lpc17xx_timer.o(i.TIM_UpdateMatchValue) refers to lpc17xx_timer.o(.conststring) for .conststring
    lpc17xx_timer.o(i.converUSecToVal) refers to lpc17xx_timer.o(i.getPClock) for getPClock
    lpc17xx_timer.o(i.converUSecToVal) refers to lludivv7m.o(.text) for __aeabi_uldivmod
    lpc17xx_timer.o(i.getPClock) refers to lpc17xx_clkpwr.o(i.CLKPWR_GetPCLK) for CLKPWR_GetPCLK
    led_mcb1700.o(i.LED_Initialize) refers to gpio_lpc17xx.o(i.GPIO_PortClock) for GPIO_PortClock
    led_mcb1700.o(i.LED_Initialize) refers to pin_lpc17xx.o(i.PIN_Configure) for PIN_Configure
    led_mcb1700.o(i.LED_Initialize) refers to gpio_lpc17xx.o(i.GPIO_SetDir) for GPIO_SetDir
    led_mcb1700.o(i.LED_Initialize) refers to gpio_lpc17xx.o(i.GPIO_PinWrite) for GPIO_PinWrite
    led_mcb1700.o(i.LED_Initialize) refers to led_mcb1700.o(.constdata) for LED_PIN
    led_mcb1700.o(i.LED_Off) refers to gpio_lpc17xx.o(i.GPIO_PinWrite) for GPIO_PinWrite
    led_mcb1700.o(i.LED_Off) refers to led_mcb1700.o(.constdata) for LED_PIN
    led_mcb1700.o(i.LED_On) refers to gpio_lpc17xx.o(i.GPIO_PinWrite) for GPIO_PinWrite
    led_mcb1700.o(i.LED_On) refers to led_mcb1700.o(.constdata) for LED_PIN
    led_mcb1700.o(i.LED_SetOut) refers to led_mcb1700.o(i.LED_On) for LED_On
    led_mcb1700.o(i.LED_SetOut) refers to led_mcb1700.o(i.LED_Off) for LED_Off
    led_mcb1700.o(i.LED_Uninitialize) refers to pin_lpc17xx.o(i.PIN_Configure) for PIN_Configure
    led_mcb1700.o(i.LED_Uninitialize) refers to led_mcb1700.o(.constdata) for LED_PIN
    startup_lpc17xx.o(STACK) refers (Special) to heapauxi.o(.text) for __use_two_region_memory
    startup_lpc17xx.o(HEAP) refers (Special) to heapauxi.o(.text) for __use_two_region_memory
    startup_lpc17xx.o(RESET) refers (Special) to heapauxi.o(.text) for __use_two_region_memory
    startup_lpc17xx.o(RESET) refers to startup_lpc17xx.o(STACK) for __initial_sp
    startup_lpc17xx.o(RESET) refers to startup_lpc17xx.o(.text) for Reset_Handler
    startup_lpc17xx.o(RESET) refers to term_project.o(i.TIMER0_IRQHandler) for TIMER0_IRQHandler
    startup_lpc17xx.o(RESET) refers to term_project.o(i.TIMER1_IRQHandler) for TIMER1_IRQHandler
    startup_lpc17xx.o(RESET) refers to term_project.o(i.TIMER2_IRQHandler) for TIMER2_IRQHandler
    startup_lpc17xx.o(RESET) refers to term_project.o(i.TIMER3_IRQHandler) for TIMER3_IRQHandler
    startup_lpc17xx.o(RESET) refers to term_project.o(i.UART0_IRQHandler) for UART0_IRQHandler
    startup_lpc17xx.o(RESET) refers to term_project.o(i.UART1_IRQHandler) for UART1_IRQHandler
    startup_lpc17xx.o(.ARM.__at_0x02FC) refers (Special) to heapauxi.o(.text) for __use_two_region_memory
    startup_lpc17xx.o(.text) refers (Special) to heapauxi.o(.text) for __use_two_region_memory
    startup_lpc17xx.o(.text) refers to system_lpc17xx.o(i.SystemInit) for SystemInit
    startup_lpc17xx.o(.text) refers to __main.o(!!!main) for __main
    startup_lpc17xx.o(.text) refers to startup_lpc17xx.o(HEAP) for Heap_Mem
    startup_lpc17xx.o(.text) refers to startup_lpc17xx.o(STACK) for Stack_Mem
    system_lpc17xx.o(i.SystemCoreClockUpdate) refers to lludivv7m.o(.text) for __aeabi_uldivmod
    system_lpc17xx.o(i.SystemCoreClockUpdate) refers to system_lpc17xx.o(.data) for SystemCoreClock
    __main.o(!!!main) refers to __rtentry.o(.ARM.Collect$$rtentry$$00000000) for __rt_entry
    dfixu.o(x$fpl$dfixu) refers (Special) to usenofp.o(x$fpl$usenofp) for __I$use$fp
    dfixu.o(x$fpl$dfixu) refers to dnaninf.o(x$fpl$dnaninf) for __fpl_dnaninf
    dfixu.o(x$fpl$dfixur) refers (Special) to usenofp.o(x$fpl$usenofp) for __I$use$fp
    dfixu.o(x$fpl$dfixur) refers to dnaninf.o(x$fpl$dnaninf) for __fpl_dnaninf
    dflt_clz.o(x$fpl$dfltu) refers (Special) to usenofp.o(x$fpl$usenofp) for __I$use$fp
    dflt_clz.o(x$fpl$dflt) refers (Special) to usenofp.o(x$fpl$usenofp) for __I$use$fp
    dflt_clz.o(x$fpl$dfltn) refers (Special) to usenofp.o(x$fpl$usenofp) for __I$use$fp
    dmul.o(x$fpl$dmul) refers (Special) to usenofp.o(x$fpl$usenofp) for __I$use$fp
    dmul.o(x$fpl$dmul) refers to dretinf.o(x$fpl$dretinf) for __fpl_dretinf
    dmul.o(x$fpl$dmul) refers to dnaninf.o(x$fpl$dnaninf) for __fpl_dnaninf
    __rtentry.o(.ARM.Collect$$rtentry$$00000000) refers (Special) to __rtentry2.o(.ARM.Collect$$rtentry$$0000000A) for __rt_entry_li
    __rtentry.o(.ARM.Collect$$rtentry$$00000000) refers (Special) to __rtentry2.o(.ARM.Collect$$rtentry$$0000000D) for __rt_entry_main
    __rtentry.o(.ARM.Collect$$rtentry$$00000000) refers (Special) to __rtentry2.o(.ARM.Collect$$rtentry$$0000000C) for __rt_entry_postli_1
    __rtentry.o(.ARM.Collect$$rtentry$$00000000) refers (Special) to __rtentry2.o(.ARM.Collect$$rtentry$$00000009) for __rt_entry_postsh_1
    __rtentry.o(.ARM.Collect$$rtentry$$00000000) refers (Special) to __rtentry2.o(.ARM.Collect$$rtentry$$00000002) for __rt_entry_presh_1
    __rtentry.o(.ARM.Collect$$rtentry$$00000000) refers (Special) to __rtentry4.o(.ARM.Collect$$rtentry$$00000004) for __rt_entry_sh
    aeabi_ldiv0_sigfpe.o(.text) refers to rt_div0.o(.text) for __rt_div0
    dnaninf.o(x$fpl$dnaninf) refers (Special) to usenofp.o(x$fpl$usenofp) for __I$use$fp
    dretinf.o(x$fpl$dretinf) refers (Special) to usenofp.o(x$fpl$usenofp) for __I$use$fp
    __rtentry2.o(.ARM.Collect$$rtentry$$00000008) refers to boardinit2.o(.text) for _platform_post_stackheap_init
    __rtentry2.o(.ARM.Collect$$rtentry$$0000000A) refers to libinit.o(.ARM.Collect$$libinit$$00000000) for __rt_lib_init
    __rtentry2.o(.ARM.Collect$$rtentry$$0000000B) refers to boardinit3.o(.text) for _platform_post_lib_init
    __rtentry2.o(.ARM.Collect$$rtentry$$0000000D) refers to term_project.o(i.main) for main
    __rtentry2.o(.ARM.Collect$$rtentry$$0000000D) refers to exit.o(.text) for exit
    __rtentry2.o(.ARM.exidx) refers to __rtentry2.o(.ARM.Collect$$rtentry$$00000001) for .ARM.Collect$$rtentry$$00000001
    __rtentry2.o(.ARM.exidx) refers to __rtentry2.o(.ARM.Collect$$rtentry$$00000008) for .ARM.Collect$$rtentry$$00000008
    __rtentry2.o(.ARM.exidx) refers to __rtentry2.o(.ARM.Collect$$rtentry$$0000000A) for .ARM.Collect$$rtentry$$0000000A
    __rtentry2.o(.ARM.exidx) refers to __rtentry2.o(.ARM.Collect$$rtentry$$0000000B) for .ARM.Collect$$rtentry$$0000000B
    __rtentry2.o(.ARM.exidx) refers to __rtentry2.o(.ARM.Collect$$rtentry$$0000000D) for .ARM.Collect$$rtentry$$0000000D
    __rtentry4.o(.ARM.Collect$$rtentry$$00000004) refers to sys_stackheap_outer.o(.text) for __user_setup_stackheap
    __rtentry4.o(.ARM.exidx) refers to __rtentry4.o(.ARM.Collect$$rtentry$$00000004) for .ARM.Collect$$rtentry$$00000004
    rt_div0.o(.text) refers to defsig_fpe_outer.o(.text) for __rt_SIGFPE
    sys_stackheap_outer.o(.text) refers to libspace.o(.text) for __user_perproc_libspace
    sys_stackheap_outer.o(.text) refers to startup_lpc17xx.o(.text) for __user_initial_stackheap
    exit.o(.text) refers to rtexit.o(.ARM.Collect$$rtexit$$00000000) for __rt_exit
    defsig_fpe_outer.o(.text) refers to defsig_fpe_inner.o(.text) for __rt_SIGFPE_inner
    defsig_fpe_outer.o(.text) refers to defsig_exit.o(.text) for __sig_exit
    defsig_fpe_formal.o(.text) refers to rt_raise.o(.text) for __rt_raise
    libinit.o(.ARM.Collect$$libinit$$00000000) refers (Special) to libinit2.o(.ARM.Collect$$libinit$$0000002E) for __rt_lib_init_alloca_1
    libinit.o(.ARM.Collect$$libinit$$00000000) refers (Special) to libinit2.o(.ARM.Collect$$libinit$$0000002C) for __rt_lib_init_argv_1
    libinit.o(.ARM.Collect$$libinit$$00000000) refers (Special) to libinit2.o(.ARM.Collect$$libinit$$0000001B) for __rt_lib_init_atexit_1
    libinit.o(.ARM.Collect$$libinit$$00000000) refers (Special) to libinit2.o(.ARM.Collect$$libinit$$00000021) for __rt_lib_init_clock_1
    libinit.o(.ARM.Collect$$libinit$$00000000) refers (Special) to libinit2.o(.ARM.Collect$$libinit$$00000032) for __rt_lib_init_cpp_1
    libinit.o(.ARM.Collect$$libinit$$00000000) refers (Special) to libinit2.o(.ARM.Collect$$libinit$$00000030) for __rt_lib_init_exceptions_1
    libinit.o(.ARM.Collect$$libinit$$00000000) refers (Special) to libinit2.o(.ARM.Collect$$libinit$$00000002) for __rt_lib_init_fp_1
    libinit.o(.ARM.Collect$$libinit$$00000000) refers (Special) to libinit2.o(.ARM.Collect$$libinit$$0000001F) for __rt_lib_init_fp_trap_1
    libinit.o(.ARM.Collect$$libinit$$00000000) refers (Special) to libinit2.o(.ARM.Collect$$libinit$$00000023) for __rt_lib_init_getenv_1
    libinit.o(.ARM.Collect$$libinit$$00000000) refers (Special) to libinit2.o(.ARM.Collect$$libinit$$0000000A) for __rt_lib_init_heap_1
    libinit.o(.ARM.Collect$$libinit$$00000000) refers (Special) to libinit2.o(.ARM.Collect$$libinit$$00000011) for __rt_lib_init_lc_collate_1
    libinit.o(.ARM.Collect$$libinit$$00000000) refers (Special) to libinit2.o(.ARM.Collect$$libinit$$00000013) for __rt_lib_init_lc_ctype_1
    libinit.o(.ARM.Collect$$libinit$$00000000) refers (Special) to libinit2.o(.ARM.Collect$$libinit$$00000015) for __rt_lib_init_lc_monetary_1
    libinit.o(.ARM.Collect$$libinit$$00000000) refers (Special) to libinit2.o(.ARM.Collect$$libinit$$00000017) for __rt_lib_init_lc_numeric_1
    libinit.o(.ARM.Collect$$libinit$$00000000) refers (Special) to libinit2.o(.ARM.Collect$$libinit$$00000019) for __rt_lib_init_lc_time_1
    libinit.o(.ARM.Collect$$libinit$$00000000) refers (Special) to libinit2.o(.ARM.Collect$$libinit$$00000004) for __rt_lib_init_preinit_1
    libinit.o(.ARM.Collect$$libinit$$00000000) refers (Special) to libinit2.o(.ARM.Collect$$libinit$$0000000E) for __rt_lib_init_rand_1
    libinit.o(.ARM.Collect$$libinit$$00000000) refers (Special) to libinit2.o(.ARM.Collect$$libinit$$00000033) for __rt_lib_init_return
    libinit.o(.ARM.Collect$$libinit$$00000000) refers (Special) to libinit2.o(.ARM.Collect$$libinit$$0000001D) for __rt_lib_init_signal_1
    libinit.o(.ARM.Collect$$libinit$$00000000) refers (Special) to libinit2.o(.ARM.Collect$$libinit$$00000025) for __rt_lib_init_stdio_1
    libinit.o(.ARM.Collect$$libinit$$00000000) refers (Special) to libinit2.o(.ARM.Collect$$libinit$$0000000C) for __rt_lib_init_user_alloc_1
    libspace.o(.text) refers to libspace.o(.bss) for __libspace_start
    rtexit.o(.ARM.Collect$$rtexit$$00000000) refers (Special) to rtexit2.o(.ARM.Collect$$rtexit$$00000004) for __rt_exit_exit
    rtexit.o(.ARM.Collect$$rtexit$$00000000) refers (Special) to rtexit2.o(.ARM.Collect$$rtexit$$00000003) for __rt_exit_ls
    rtexit.o(.ARM.Collect$$rtexit$$00000000) refers (Special) to rtexit2.o(.ARM.Collect$$rtexit$$00000002) for __rt_exit_prels_1
    rtexit.o(.ARM.exidx) refers (Special) to rtexit2.o(.ARM.Collect$$rtexit$$00000004) for __rt_exit_exit
    rtexit.o(.ARM.exidx) refers (Special) to rtexit2.o(.ARM.Collect$$rtexit$$00000003) for __rt_exit_ls
    rtexit.o(.ARM.exidx) refers (Special) to rtexit2.o(.ARM.Collect$$rtexit$$00000002) for __rt_exit_prels_1
    rtexit.o(.ARM.exidx) refers to rtexit.o(.ARM.Collect$$rtexit$$00000000) for .ARM.Collect$$rtexit$$00000000
    rt_raise.o(.text) refers to __raise.o(.text) for __raise
    rt_raise.o(.text) refers to sys_exit.o(.text) for _sys_exit
    defsig_exit.o(.text) refers to sys_exit.o(.text) for _sys_exit
    defsig_fpe_inner.o(.text) refers to defsig_general.o(.text) for __default_signal_display
    libinit2.o(.ARM.Collect$$libinit$$00000010) refers to libinit2.o(.ARM.Collect$$libinit$$0000000F) for .ARM.Collect$$libinit$$0000000F
    libinit2.o(.ARM.Collect$$libinit$$00000012) refers to libinit2.o(.ARM.Collect$$libinit$$0000000F) for .ARM.Collect$$libinit$$0000000F
    libinit2.o(.ARM.Collect$$libinit$$00000014) refers to libinit2.o(.ARM.Collect$$libinit$$0000000F) for .ARM.Collect$$libinit$$0000000F
    libinit2.o(.ARM.Collect$$libinit$$00000016) refers to libinit2.o(.ARM.Collect$$libinit$$0000000F) for .ARM.Collect$$libinit$$0000000F
    libinit2.o(.ARM.Collect$$libinit$$00000018) refers to libinit2.o(.ARM.Collect$$libinit$$0000000F) for .ARM.Collect$$libinit$$0000000F
    libinit2.o(.ARM.Collect$$libinit$$00000026) refers to argv_veneer.o(.emb_text) for __ARM_argv_veneer
    libinit2.o(.ARM.Collect$$libinit$$00000027) refers to argv_veneer.o(.emb_text) for __ARM_argv_veneer
    sys_exit.o(.text) refers (Special) to use_no_semi.o(.text) for __I$use$semihosting
    sys_exit.o(.text) refers (Special) to indicate_semi.o(.text) for __semihosting_library_function
    rtexit2.o(.ARM.Collect$$rtexit$$00000003) refers to libshutdown.o(.ARM.Collect$$libshutdown$$00000000) for __rt_lib_shutdown
    rtexit2.o(.ARM.Collect$$rtexit$$00000004) refers to sys_exit.o(.text) for _sys_exit
    rtexit2.o(.ARM.exidx) refers to rtexit2.o(.ARM.Collect$$rtexit$$00000001) for .ARM.Collect$$rtexit$$00000001
    rtexit2.o(.ARM.exidx) refers to rtexit2.o(.ARM.Collect$$rtexit$$00000003) for .ARM.Collect$$rtexit$$00000003
    rtexit2.o(.ARM.exidx) refers to rtexit2.o(.ARM.Collect$$rtexit$$00000004) for .ARM.Collect$$rtexit$$00000004
    __raise.o(.text) refers to defsig.o(CL$$defsig) for __default_signal_handler
    defsig_general.o(.text) refers to sys_wrch.o(.text) for _ttywrch
    argv_veneer.o(.emb_text) refers to no_argv.o(.text) for __ARM_get_argv
    sys_wrch.o(.text) refers (Special) to use_no_semi.o(.text) for __I$use$semihosting
    sys_wrch.o(.text) refers (Special) to indicate_semi.o(.text) for __semihosting_library_function
    defsig.o(CL$$defsig) refers to defsig_fpe_inner.o(.text) for __rt_SIGFPE_inner
    defsig.o(CL$$defsig) refers to defsig_rtmem_inner.o(.text) for __rt_SIGRTMEM_inner
    _get_argv_nomalloc.o(.text) refers (Special) to hrguard.o(.text) for __heap_region$guard
    _get_argv_nomalloc.o(.text) refers to defsig_rtmem_outer.o(.text) for __rt_SIGRTMEM
    _get_argv_nomalloc.o(.text) refers to sys_command.o(.text) for _sys_command_string
    libshutdown.o(.ARM.Collect$$libshutdown$$00000000) refers (Special) to libshutdown2.o(.ARM.Collect$$libshutdown$$00000006) for __rt_lib_shutdown_fp_trap_1
    libshutdown.o(.ARM.Collect$$libshutdown$$00000000) refers (Special) to libshutdown2.o(.ARM.Collect$$libshutdown$$0000000E) for __rt_lib_shutdown_heap_1
    libshutdown.o(.ARM.Collect$$libshutdown$$00000000) refers (Special) to libshutdown2.o(.ARM.Collect$$libshutdown$$0000000F) for __rt_lib_shutdown_return
    libshutdown.o(.ARM.Collect$$libshutdown$$00000000) refers (Special) to libshutdown2.o(.ARM.Collect$$libshutdown$$00000009) for __rt_lib_shutdown_signal_1
    libshutdown.o(.ARM.Collect$$libshutdown$$00000000) refers (Special) to libshutdown2.o(.ARM.Collect$$libshutdown$$00000003) for __rt_lib_shutdown_stdio_1
    libshutdown.o(.ARM.Collect$$libshutdown$$00000000) refers (Special) to libshutdown2.o(.ARM.Collect$$libshutdown$$0000000B) for __rt_lib_shutdown_user_alloc_1
    sys_command.o(.text) refers (Special) to use_no_semi.o(.text) for __I$use$semihosting
    sys_command.o(.text) refers (Special) to indicate_semi.o(.text) for __semihosting_library_function
    defsig_abrt_inner.o(.text) refers to defsig_general.o(.text) for __default_signal_display
    defsig_rtred_inner.o(.text) refers to defsig_general.o(.text) for __default_signal_display
    defsig_rtmem_inner.o(.text) refers to defsig_general.o(.text) for __default_signal_display
    defsig_rtmem_outer.o(.text) refers to defsig_rtmem_inner.o(.text) for __rt_SIGRTMEM_inner
    defsig_rtmem_outer.o(.text) refers to defsig_exit.o(.text) for __sig_exit
    defsig_rtmem_formal.o(.text) refers to rt_raise.o(.text) for __rt_raise
    defsig_stak_inner.o(.text) refers to defsig_general.o(.text) for __default_signal_display
    defsig_pvfn_inner.o(.text) refers to defsig_general.o(.text) for __default_signal_display
    defsig_cppl_inner.o(.text) refers to defsig_general.o(.text) for __default_signal_display
    defsig_segv_inner.o(.text) refers to defsig_general.o(.text) for __default_signal_display
    defsig_other.o(.text) refers to defsig_general.o(.text) for __default_signal_display


==============================================================================

Removing Unused input sections from the image.

    Removing term_project.o(.rev16_text), (4 bytes).
    Removing term_project.o(.revsh_text), (4 bytes).
    Removing term_project.o(.rrx_text), (6 bytes).
    Removing term_project.o(i.uart1_set_mode), (40 bytes).
    Removing debug_frmwrk.o(.rev16_text), (4 bytes).
    Removing debug_frmwrk.o(.revsh_text), (4 bytes).
    Removing debug_frmwrk.o(.rrx_text), (6 bytes).
    Removing debug_frmwrk.o(i.UARTGetChar), (26 bytes).
    Removing debug_frmwrk.o(i.UARTPutChar), (18 bytes).
    Removing debug_frmwrk.o(i.UARTPutDec), (96 bytes).
    Removing debug_frmwrk.o(i.UARTPutDec16), (160 bytes).
    Removing debug_frmwrk.o(i.UARTPutDec32), (300 bytes).
    Removing debug_frmwrk.o(i.UARTPutHex), (72 bytes).
    Removing debug_frmwrk.o(i.UARTPutHex16), (72 bytes).
    Removing debug_frmwrk.o(i.UARTPutHex32), (72 bytes).
    Removing debug_frmwrk.o(i.UARTPuts), (28 bytes).
    Removing debug_frmwrk.o(i.UARTPuts_), (28 bytes).
    Removing debug_frmwrk.o(i.debug_frmwrk_init), (224 bytes).
    Removing debug_frmwrk.o(.data), (40 bytes).
    Removing lpc17xx_clkpwr.o(.rev16_text), (4 bytes).
    Removing lpc17xx_clkpwr.o(.revsh_text), (4 bytes).
    Removing lpc17xx_clkpwr.o(.rrx_text), (6 bytes).
    Removing lpc17xx_clkpwr.o(i.CLKPWR_DeepPowerDown), (24 bytes).
    Removing lpc17xx_clkpwr.o(i.CLKPWR_DeepSleep), (24 bytes).
    Removing lpc17xx_clkpwr.o(i.CLKPWR_PowerDown), (24 bytes).
    Removing lpc17xx_clkpwr.o(i.CLKPWR_Sleep), (16 bytes).
    Removing lpc17xx_pinsel.o(.rev16_text), (4 bytes).
    Removing lpc17xx_pinsel.o(.revsh_text), (4 bytes).
    Removing lpc17xx_pinsel.o(.rrx_text), (6 bytes).
    Removing lpc17xx_pinsel.o(i.PINSEL_ConfigPin), (36 bytes).
    Removing lpc17xx_pinsel.o(i.PINSEL_ConfigTraceFunc), (40 bytes).
    Removing lpc17xx_pinsel.o(i.PINSEL_SetI2C0Pins), (20 bytes).
    Removing lpc17xx_pinsel.o(i.set_OpenDrainMode), (48 bytes).
    Removing lpc17xx_pinsel.o(i.set_PinFunc), (64 bytes).
    Removing lpc17xx_pinsel.o(i.set_ResistorMode), (64 bytes).
    Removing lpc17xx_uart.o(.rev16_text), (4 bytes).
    Removing lpc17xx_uart.o(.revsh_text), (4 bytes).
    Removing lpc17xx_uart.o(.rrx_text), (6 bytes).
    Removing lpc17xx_uart.o(i.UART_ABClearIntPending), (84 bytes).
    Removing lpc17xx_uart.o(i.UART_ABCmd), (208 bytes).
    Removing lpc17xx_uart.o(i.UART_CheckBusy), (18 bytes).
    Removing lpc17xx_uart.o(i.UART_ConfigStructInit), (18 bytes).
    Removing lpc17xx_uart.o(i.UART_DeInit), (132 bytes).
    Removing lpc17xx_uart.o(i.UART_ForceBreak), (88 bytes).
    Removing lpc17xx_uart.o(i.UART_FullModemConfigMode), (132 bytes).
    Removing lpc17xx_uart.o(i.UART_FullModemForcePinState), (120 bytes).
    Removing lpc17xx_uart.o(i.UART_FullModemGetStatus), (36 bytes).
    Removing lpc17xx_uart.o(i.UART_IrDACmd), (84 bytes).
    Removing lpc17xx_uart.o(i.UART_IrDAInvtInputCmd), (84 bytes).
    Removing lpc17xx_uart.o(i.UART_IrDAPulseDivConfig), (108 bytes).
    Removing lpc17xx_uart.o(i.UART_RS485Config), (292 bytes).
    Removing lpc17xx_uart.o(i.UART_RS485ReceiverCmd), (32 bytes).
    Removing lpc17xx_uart.o(i.UART_RS485Send), (88 bytes).
    Removing lpc17xx_uart.o(i.UART_RS485SendData), (22 bytes).
    Removing lpc17xx_uart.o(i.UART_RS485SendSlvAddr), (18 bytes).
    Removing lpc17xx_uart.o(i.UART_Receive), (124 bytes).
    Removing lpc17xx_uart.o(i.UART_Send), (152 bytes).
    Removing lpc17xx_timer.o(.rev16_text), (4 bytes).
    Removing lpc17xx_timer.o(.revsh_text), (4 bytes).
    Removing lpc17xx_timer.o(.rrx_text), (6 bytes).
    Removing lpc17xx_timer.o(i.TIM_ClearIntCapturePending), (100 bytes).
    Removing lpc17xx_timer.o(i.TIM_ClearIntPending), (96 bytes).
    Removing lpc17xx_timer.o(i.TIM_ConfigCapture), (140 bytes).
    Removing lpc17xx_timer.o(i.TIM_ConfigStructInit), (22 bytes).
    Removing lpc17xx_timer.o(i.TIM_DeInit), (128 bytes).
    Removing lpc17xx_timer.o(i.TIM_GetCaptureValue), (88 bytes).
    Removing lpc17xx_timer.o(i.TIM_GetIntCaptureStatus), (112 bytes).
    Removing lpc17xx_timer.o(i.TIM_GetIntStatus), (108 bytes).
    Removing lpc17xx_timer.o(i.TIM_UpdateMatchValue), (100 bytes).
    Removing led_mcb1700.o(i.LED_GetCount), (4 bytes).
    Removing led_mcb1700.o(i.LED_SetOut), (40 bytes).
    Removing led_mcb1700.o(i.LED_Uninitialize), (48 bytes).
    Removing gpio_lpc17xx.o(.rev16_text), (4 bytes).
    Removing gpio_lpc17xx.o(.revsh_text), (4 bytes).
    Removing gpio_lpc17xx.o(.rrx_text), (6 bytes).
    Removing gpio_lpc17xx.o(i.GPIO_PinRead), (32 bytes).
    Removing gpio_lpc17xx.o(i.GPIO_PortRead), (20 bytes).
    Removing gpio_lpc17xx.o(i.GPIO_PortWrite), (32 bytes).
    Removing pin_lpc17xx.o(.rev16_text), (4 bytes).
    Removing pin_lpc17xx.o(.revsh_text), (4 bytes).
    Removing pin_lpc17xx.o(.rrx_text), (6 bytes).
    Removing pin_lpc17xx.o(i.PIN_ConfigureI2C0Pins), (32 bytes).
    Removing pin_lpc17xx.o(i.PIN_ConfigureTPIU), (40 bytes).
    Removing system_lpc17xx.o(.rev16_text), (4 bytes).
    Removing system_lpc17xx.o(.revsh_text), (4 bytes).
    Removing system_lpc17xx.o(.rrx_text), (6 bytes).

86 unused section(s) (total 4644 bytes) removed from the image.

==============================================================================

Image Symbol Table

    Local Symbols

    Symbol Name                              Value     Ov Type        Size  Object(Section)

    RESET                                    0x00000000   Section      204  startup_lpc17xx.o(RESET)
    ../clib/angel/boardlib.s                 0x00000000   Number         0  boardinit2.o ABSOLUTE
    ../clib/angel/boardlib.s                 0x00000000   Number         0  boardshut.o ABSOLUTE
    ../clib/angel/boardlib.s                 0x00000000   Number         0  boardinit1.o ABSOLUTE
    ../clib/angel/boardlib.s                 0x00000000   Number         0  boardinit3.o ABSOLUTE
    ../clib/angel/handlers.s                 0x00000000   Number         0  __scatter_copy.o ABSOLUTE
    ../clib/angel/handlers.s                 0x00000000   Number         0  __scatter_zi.o ABSOLUTE
    ../clib/angel/kernel.s                   0x00000000   Number         0  __rtentry.o ABSOLUTE
    ../clib/angel/kernel.s                   0x00000000   Number         0  __rtentry4.o ABSOLUTE
    ../clib/angel/kernel.s                   0x00000000   Number         0  __rtentry2.o ABSOLUTE
    ../clib/angel/kernel.s                   0x00000000   Number         0  rtexit.o ABSOLUTE
    ../clib/angel/kernel.s                   0x00000000   Number         0  rtexit2.o ABSOLUTE
    ../clib/angel/rt.s                       0x00000000   Number         0  rt_raise.o ABSOLUTE
    ../clib/angel/rt.s                       0x00000000   Number         0  aeabi_ldiv0_sigfpe.o ABSOLUTE
    ../clib/angel/rt.s                       0x00000000   Number         0  aeabi_ldiv0.o ABSOLUTE
    ../clib/angel/rt.s                       0x00000000   Number         0  rt_div0.o ABSOLUTE
    ../clib/angel/scatter.s                  0x00000000   Number         0  __scatter.o ABSOLUTE
    ../clib/angel/startup.s                  0x00000000   Number         0  __main.o ABSOLUTE
    ../clib/angel/sys.s                      0x00000000   Number         0  sys_stackheap_outer.o ABSOLUTE
    ../clib/angel/sys.s                      0x00000000   Number         0  indicate_semi.o ABSOLUTE
    ../clib/angel/sys.s                      0x00000000   Number         0  libspace.o ABSOLUTE
    ../clib/angel/sys.s                      0x00000000   Number         0  use_no_semi.o ABSOLUTE
    ../clib/angel/sysapp.c                   0x00000000   Number         0  sys_exit.o ABSOLUTE
    ../clib/angel/sysapp.c                   0x00000000   Number         0  sys_command.o ABSOLUTE
    ../clib/angel/sysapp.c                   0x00000000   Number         0  sys_wrch.o ABSOLUTE
    ../clib/armsys.c                         0x00000000   Number         0  argv_veneer.o ABSOLUTE
    ../clib/armsys.c                         0x00000000   Number         0  _get_argv_nomalloc.o ABSOLUTE
    ../clib/armsys.c                         0x00000000   Number         0  no_argv.o ABSOLUTE
    ../clib/armsys.c                         0x00000000   Number         0  argv_veneer.o ABSOLUTE
    ../clib/heapalloc.c                      0x00000000   Number         0  hrguard.o ABSOLUTE
    ../clib/heapaux.c                        0x00000000   Number         0  heapauxi.o ABSOLUTE
    ../clib/libinit.s                        0x00000000   Number         0  libshutdown.o ABSOLUTE
    ../clib/libinit.s                        0x00000000   Number         0  libshutdown2.o ABSOLUTE
    ../clib/libinit.s                        0x00000000   Number         0  libinit2.o ABSOLUTE
    ../clib/libinit.s                        0x00000000   Number         0  libinit.o ABSOLUTE
    ../clib/longlong.s                       0x00000000   Number         0  lludivv7m.o ABSOLUTE
    ../clib/signal.c                         0x00000000   Number         0  defsig_pvfn_inner.o ABSOLUTE
    ../clib/signal.c                         0x00000000   Number         0  defsig_rtmem_outer.o ABSOLUTE
    ../clib/signal.c                         0x00000000   Number         0  defsig_rtmem_formal.o ABSOLUTE
    ../clib/signal.c                         0x00000000   Number         0  defsig_stak_inner.o ABSOLUTE
    ../clib/signal.c                         0x00000000   Number         0  defsig_general.o ABSOLUTE
    ../clib/signal.c                         0x00000000   Number         0  defsig_fpe_outer.o ABSOLUTE
    ../clib/signal.c                         0x00000000   Number         0  defsig_fpe_inner.o ABSOLUTE
    ../clib/signal.c                         0x00000000   Number         0  defsig_exit.o ABSOLUTE
    ../clib/signal.c                         0x00000000   Number         0  __raise.o ABSOLUTE
    ../clib/signal.c                         0x00000000   Number         0  defsig_cppl_inner.o ABSOLUTE
    ../clib/signal.c                         0x00000000   Number         0  defsig_abrt_inner.o ABSOLUTE
    ../clib/signal.c                         0x00000000   Number         0  defsig_rtred_inner.o ABSOLUTE
    ../clib/signal.c                         0x00000000   Number         0  defsig_rtmem_inner.o ABSOLUTE
    ../clib/signal.c                         0x00000000   Number         0  defsig_other.o ABSOLUTE
    ../clib/signal.c                         0x00000000   Number         0  defsig_segv_inner.o ABSOLUTE
    ../clib/signal.c                         0x00000000   Number         0  defsig_fpe_formal.o ABSOLUTE
    ../clib/signal.s                         0x00000000   Number         0  defsig.o ABSOLUTE
    ../clib/stdlib.c                         0x00000000   Number         0  exit.o ABSOLUTE
    ../fplib/dfixu.s                         0x00000000   Number         0  dfixu.o ABSOLUTE
    ../fplib/dflt.s                          0x00000000   Number         0  dflt_clz.o ABSOLUTE
    ../fplib/dmul.s                          0x00000000   Number         0  dmul.o ABSOLUTE
    ../fplib/dnaninf.s                       0x00000000   Number         0  dnaninf.o ABSOLUTE
    ../fplib/dretinf.s                       0x00000000   Number         0  dretinf.o ABSOLUTE
    ../fplib/fpinit.s                        0x00000000   Number         0  fpinit.o ABSOLUTE
    ../fplib/usenofp.s                       0x00000000   Number         0  usenofp.o ABSOLUTE
    C:\Keil_v5\ARM\PACK\Keil\LPC1700_DFP\2.0.0\Boards\Keil\MCB1700\Common\LED_MCB1700.c 0x00000000   Number         0  led_mcb1700.o ABSOLUTE
    C:\Keil_v5\ARM\PACK\Keil\LPC1700_DFP\2.0.0\RTE_Driver\GPIO_LPC17xx.c 0x00000000   Number         0  gpio_lpc17xx.o ABSOLUTE
    C:\Keil_v5\ARM\PACK\Keil\LPC1700_DFP\2.0.0\RTE_Driver\PIN_LPC17xx.c 0x00000000   Number         0  pin_lpc17xx.o ABSOLUTE
    C:\Keil_v5\ARM\Pack\ARM\CMSIS\lpc175x_6x_cmsis_driver_library\Drivers\source\debug_frmwrk.c 0x00000000   Number         0  debug_frmwrk.o ABSOLUTE
    C:\Keil_v5\ARM\Pack\ARM\CMSIS\lpc175x_6x_cmsis_driver_library\Drivers\source\lpc17xx_clkpwr.c 0x00000000   Number         0  lpc17xx_clkpwr.o ABSOLUTE
    C:\Keil_v5\ARM\Pack\ARM\CMSIS\lpc175x_6x_cmsis_driver_library\Drivers\source\lpc17xx_pinsel.c 0x00000000   Number         0  lpc17xx_pinsel.o ABSOLUTE
    C:\Keil_v5\ARM\Pack\ARM\CMSIS\lpc175x_6x_cmsis_driver_library\Drivers\source\lpc17xx_timer.c 0x00000000   Number         0  lpc17xx_timer.o ABSOLUTE
    C:\Keil_v5\ARM\Pack\ARM\CMSIS\lpc175x_6x_cmsis_driver_library\Drivers\source\lpc17xx_uart.c 0x00000000   Number         0  lpc17xx_uart.o ABSOLUTE
    C:\\Keil_v5\\ARM\\PACK\\Keil\\LPC1700_DFP\\2.0.0\\RTE_Driver\\GPIO_LPC17xx.c 0x00000000   Number         0  gpio_lpc17xx.o ABSOLUTE
    C:\\Keil_v5\\ARM\\PACK\\Keil\\LPC1700_DFP\\2.0.0\\RTE_Driver\\PIN_LPC17xx.c 0x00000000   Number         0  pin_lpc17xx.o ABSOLUTE
    C:\\Keil_v5\\ARM\\Pack\\ARM\\CMSIS\\lpc175x_6x_cmsis_driver_library\\Drivers\\source\\debug_frmwrk.c 0x00000000   Number         0  debug_frmwrk.o ABSOLUTE
    C:\\Keil_v5\\ARM\\Pack\\ARM\\CMSIS\\lpc175x_6x_cmsis_driver_library\\Drivers\\source\\lpc17xx_clkpwr.c 0x00000000   Number         0  lpc17xx_clkpwr.o ABSOLUTE
    C:\\Keil_v5\\ARM\\Pack\\ARM\\CMSIS\\lpc175x_6x_cmsis_driver_library\\Drivers\\source\\lpc17xx_pinsel.c 0x00000000   Number         0  lpc17xx_pinsel.o ABSOLUTE
    C:\\Keil_v5\\ARM\\Pack\\ARM\\CMSIS\\lpc175x_6x_cmsis_driver_library\\Drivers\\source\\lpc17xx_timer.c 0x00000000   Number         0  lpc17xx_timer.o ABSOLUTE
    C:\\Keil_v5\\ARM\\Pack\\ARM\\CMSIS\\lpc175x_6x_cmsis_driver_library\\Drivers\\source\\lpc17xx_uart.c 0x00000000   Number         0  lpc17xx_uart.o ABSOLUTE
    RTE\Device\LPC1768\startup_LPC17xx.s     0x00000000   Number         0  startup_lpc17xx.o ABSOLUTE
    RTE\Device\LPC1768\system_LPC17xx.c      0x00000000   Number         0  system_lpc17xx.o ABSOLUTE
    RTE\\Device\\LPC1768\\system_LPC17xx.c   0x00000000   Number         0  system_lpc17xx.o ABSOLUTE
    dc.s                                     0x00000000   Number         0  dc.o ABSOLUTE
    term_project.c                           0x00000000   Number         0  term_project.o ABSOLUTE
    term_project.c                           0x00000000   Number         0  term_project.o ABSOLUTE
    !!!main                                  0x000000cc   Section        8  __main.o(!!!main)
    !!!scatter                               0x000000d4   Section       52  __scatter.o(!!!scatter)
    !!handler_copy                           0x00000108   Section       26  __scatter_copy.o(!!handler_copy)
    !!handler_zi                             0x00000124   Section       28  __scatter_zi.o(!!handler_zi)
    .ARM.Collect$$libinit$$00000000          0x00000140   Section        2  libinit.o(.ARM.Collect$$libinit$$00000000)
    .ARM.Collect$$libinit$$00000002          0x00000142   Section        0  libinit2.o(.ARM.Collect$$libinit$$00000002)
    .ARM.Collect$$libinit$$00000004          0x00000142   Section        0  libinit2.o(.ARM.Collect$$libinit$$00000004)
    .ARM.Collect$$libinit$$0000000A          0x00000142   Section        0  libinit2.o(.ARM.Collect$$libinit$$0000000A)
    .ARM.Collect$$libinit$$0000000C          0x00000142   Section        0  libinit2.o(.ARM.Collect$$libinit$$0000000C)
    .ARM.Collect$$libinit$$0000000E          0x00000142   Section        0  libinit2.o(.ARM.Collect$$libinit$$0000000E)
    .ARM.Collect$$libinit$$00000011          0x00000142   Section        0  libinit2.o(.ARM.Collect$$libinit$$00000011)
    .ARM.Collect$$libinit$$00000013          0x00000142   Section        0  libinit2.o(.ARM.Collect$$libinit$$00000013)
    .ARM.Collect$$libinit$$00000015          0x00000142   Section        0  libinit2.o(.ARM.Collect$$libinit$$00000015)
    .ARM.Collect$$libinit$$00000017          0x00000142   Section        0  libinit2.o(.ARM.Collect$$libinit$$00000017)
    .ARM.Collect$$libinit$$00000019          0x00000142   Section        0  libinit2.o(.ARM.Collect$$libinit$$00000019)
    .ARM.Collect$$libinit$$0000001B          0x00000142   Section        0  libinit2.o(.ARM.Collect$$libinit$$0000001B)
    .ARM.Collect$$libinit$$0000001D          0x00000142   Section        0  libinit2.o(.ARM.Collect$$libinit$$0000001D)
    .ARM.Collect$$libinit$$0000001F          0x00000142   Section        0  libinit2.o(.ARM.Collect$$libinit$$0000001F)
    .ARM.Collect$$libinit$$00000021          0x00000142   Section        0  libinit2.o(.ARM.Collect$$libinit$$00000021)
    .ARM.Collect$$libinit$$00000023          0x00000142   Section        0  libinit2.o(.ARM.Collect$$libinit$$00000023)
    .ARM.Collect$$libinit$$00000025          0x00000142   Section        0  libinit2.o(.ARM.Collect$$libinit$$00000025)
    .ARM.Collect$$libinit$$0000002C          0x00000142   Section        0  libinit2.o(.ARM.Collect$$libinit$$0000002C)
    .ARM.Collect$$libinit$$0000002E          0x00000142   Section        0  libinit2.o(.ARM.Collect$$libinit$$0000002E)
    .ARM.Collect$$libinit$$00000030          0x00000142   Section        0  libinit2.o(.ARM.Collect$$libinit$$00000030)
    .ARM.Collect$$libinit$$00000032          0x00000142   Section        0  libinit2.o(.ARM.Collect$$libinit$$00000032)
    .ARM.Collect$$libinit$$00000033          0x00000142   Section        2  libinit2.o(.ARM.Collect$$libinit$$00000033)
    .ARM.Collect$$libshutdown$$00000000      0x00000144   Section        2  libshutdown.o(.ARM.Collect$$libshutdown$$00000000)
    .ARM.Collect$$libshutdown$$00000003      0x00000146   Section        0  libshutdown2.o(.ARM.Collect$$libshutdown$$00000003)
    .ARM.Collect$$libshutdown$$00000006      0x00000146   Section        0  libshutdown2.o(.ARM.Collect$$libshutdown$$00000006)
    .ARM.Collect$$libshutdown$$00000009      0x00000146   Section        0  libshutdown2.o(.ARM.Collect$$libshutdown$$00000009)
    .ARM.Collect$$libshutdown$$0000000B      0x00000146   Section        0  libshutdown2.o(.ARM.Collect$$libshutdown$$0000000B)
    .ARM.Collect$$libshutdown$$0000000E      0x00000146   Section        0  libshutdown2.o(.ARM.Collect$$libshutdown$$0000000E)
    .ARM.Collect$$libshutdown$$0000000F      0x00000146   Section        2  libshutdown2.o(.ARM.Collect$$libshutdown$$0000000F)
    .ARM.Collect$$rtentry$$00000000          0x00000148   Section        0  __rtentry.o(.ARM.Collect$$rtentry$$00000000)
    .ARM.Collect$$rtentry$$00000002          0x00000148   Section        0  __rtentry2.o(.ARM.Collect$$rtentry$$00000002)
    .ARM.Collect$$rtentry$$00000004          0x00000148   Section        6  __rtentry4.o(.ARM.Collect$$rtentry$$00000004)
    .ARM.Collect$$rtentry$$00000009          0x0000014e   Section        0  __rtentry2.o(.ARM.Collect$$rtentry$$00000009)
    .ARM.Collect$$rtentry$$0000000A          0x0000014e   Section        4  __rtentry2.o(.ARM.Collect$$rtentry$$0000000A)
    .ARM.Collect$$rtentry$$0000000C          0x00000152   Section        0  __rtentry2.o(.ARM.Collect$$rtentry$$0000000C)
    .ARM.Collect$$rtentry$$0000000D          0x00000152   Section        8  __rtentry2.o(.ARM.Collect$$rtentry$$0000000D)
    .ARM.Collect$$rtexit$$00000000           0x0000015a   Section        2  rtexit.o(.ARM.Collect$$rtexit$$00000000)
    .ARM.Collect$$rtexit$$00000002           0x0000015c   Section        0  rtexit2.o(.ARM.Collect$$rtexit$$00000002)
    .ARM.Collect$$rtexit$$00000003           0x0000015c   Section        4  rtexit2.o(.ARM.Collect$$rtexit$$00000003)
    .ARM.Collect$$rtexit$$00000004           0x00000160   Section        6  rtexit2.o(.ARM.Collect$$rtexit$$00000004)
    .text                                    0x00000168   Section       60  startup_lpc17xx.o(.text)
    .text                                    0x000001a4   Section      238  lludivv7m.o(.text)
    .text                                    0x00000292   Section        0  heapauxi.o(.text)
    .text                                    0x00000298   Section       74  sys_stackheap_outer.o(.text)
    .text                                    0x000002e2   Section        0  exit.o(.text)
    .text                                    0x000002f0   Section        8  libspace.o(.text)
    .text                                    0x000002f8   Section        2  use_no_semi.o(.text)
    .text                                    0x000002fa   Section        0  indicate_semi.o(.text)
    x$fpl$usenofp                            0x000002fa   Section        0  usenofp.o(x$fpl$usenofp)
    .ARM.__at_0x02FC                         0x000002fc   Section        4  startup_lpc17xx.o(.ARM.__at_0x02FC)
    .text                                    0x00000300   Section        0  sys_exit.o(.text)
    i.CLKPWR_ConfigPPWR                      0x0000030c   Section        0  lpc17xx_clkpwr.o(i.CLKPWR_ConfigPPWR)
    i.CLKPWR_GetPCLK                         0x00000344   Section        0  lpc17xx_clkpwr.o(i.CLKPWR_GetPCLK)
    i.CLKPWR_GetPCLKSEL                      0x00000384   Section        0  lpc17xx_clkpwr.o(i.CLKPWR_GetPCLKSEL)
    i.CLKPWR_SetPCLKDiv                      0x000003ac   Section        0  lpc17xx_clkpwr.o(i.CLKPWR_SetPCLKDiv)
    i.GPIO_PinWrite                          0x00000414   Section        0  gpio_lpc17xx.o(i.GPIO_PinWrite)
    i.GPIO_PortClock                         0x0000043c   Section        0  gpio_lpc17xx.o(i.GPIO_PortClock)
    i.GPIO_SetDir                            0x00000468   Section        0  gpio_lpc17xx.o(i.GPIO_SetDir)
    i.LED_Initialize                         0x000004a0   Section        0  led_mcb1700.o(i.LED_Initialize)
    i.LED_Off                                0x000004fc   Section        0  led_mcb1700.o(i.LED_Off)
    i.LED_On                                 0x0000051c   Section        0  led_mcb1700.o(i.LED_On)
    i.NVIC_ClearPendingIRQ                   0x0000053c   Section        0  term_project.o(i.NVIC_ClearPendingIRQ)
    NVIC_ClearPendingIRQ                     0x0000053d   Thumb Code    18  term_project.o(i.NVIC_ClearPendingIRQ)
    i.NVIC_EnableIRQ                         0x00000554   Section        0  term_project.o(i.NVIC_EnableIRQ)
    NVIC_EnableIRQ                           0x00000555   Thumb Code    22  term_project.o(i.NVIC_EnableIRQ)
    i.NVIC_SetPriority                       0x0000056c   Section        0  term_project.o(i.NVIC_SetPriority)
    NVIC_SetPriority                         0x0000056d   Thumb Code    32  term_project.o(i.NVIC_SetPriority)
    i.PIN_Configure                          0x00000594   Section        0  pin_lpc17xx.o(i.PIN_Configure)
    i.SystemCoreClockUpdate                  0x00000690   Section        0  system_lpc17xx.o(i.SystemCoreClockUpdate)
    i.SystemInit                             0x00000838   Section        0  system_lpc17xx.o(i.SystemInit)
    i.TIMER0_IRQHandler                      0x00000978   Section        0  term_project.o(i.TIMER0_IRQHandler)
    i.TIMER0_Init_ByReg                      0x00000a40   Section        0  term_project.o(i.TIMER0_Init_ByReg)
    i.TIMER0_MakeCar_ByReg                   0x00000ac8   Section        0  term_project.o(i.TIMER0_MakeCar_ByReg)
    i.TIMER1_IRQHandler                      0x00000b90   Section        0  term_project.o(i.TIMER1_IRQHandler)
    i.TIMER1_Init_ByFunc                     0x00000c4c   Section        0  term_project.o(i.TIMER1_Init_ByFunc)
    i.TIMER1_MakeCar_ByFunc                  0x00000c78   Section        0  term_project.o(i.TIMER1_MakeCar_ByFunc)
    i.TIMER2_IRQHandler                      0x00000d88   Section        0  term_project.o(i.TIMER2_IRQHandler)
    i.TIMER2_Init_ByReg                      0x00000e4c   Section        0  term_project.o(i.TIMER2_Init_ByReg)
    i.TIMER2_MakeCar_ByReg                   0x00000ed4   Section        0  term_project.o(i.TIMER2_MakeCar_ByReg)
    i.TIMER3_IRQHandler                      0x00000f98   Section        0  term_project.o(i.TIMER3_IRQHandler)
    i.TIMER3_Init_ByFunc                     0x00001054   Section        0  term_project.o(i.TIMER3_Init_ByFunc)
    i.TIMER3_MakeCar_ByFunc                  0x00001080   Section        0  term_project.o(i.TIMER3_MakeCar_ByFunc)
    i.TIM_Cmd                                0x00001190   Section        0  lpc17xx_timer.o(i.TIM_Cmd)
    i.TIM_ConfigMatch                        0x000011e4   Section        0  lpc17xx_timer.o(i.TIM_ConfigMatch)
    i.TIM_Init                               0x000012ec   Section        0  lpc17xx_timer.o(i.TIM_Init)
    i.TIM_ResetCounter                       0x0000140c   Section        0  lpc17xx_timer.o(i.TIM_ResetCounter)
    i.UART0_IRQHandler                       0x00001458   Section        0  term_project.o(i.UART0_IRQHandler)
    i.UART0_Init_ByFunc                      0x00002218   Section        0  term_project.o(i.UART0_Init_ByFunc)
    i.UART1_IRQHandler                       0x000022ec   Section        0  term_project.o(i.UART1_IRQHandler)
    i.UART1_Init_ByReg                       0x00002508   Section        0  term_project.o(i.UART1_Init_ByReg)
    i.UART_FIFOConfig                        0x000025b8   Section        0  lpc17xx_uart.o(i.UART_FIFOConfig)
    i.UART_FIFOConfigStructInit              0x000026c0   Section        0  lpc17xx_uart.o(i.UART_FIFOConfigStructInit)
    i.UART_GetIntId                          0x000026d0   Section        0  lpc17xx_uart.o(i.UART_GetIntId)
    i.UART_GetLineStatus                     0x00002718   Section        0  lpc17xx_uart.o(i.UART_GetLineStatus)
    i.UART_Init                              0x00002764   Section        0  lpc17xx_uart.o(i.UART_Init)
    i.UART_IntConfig                         0x00002964   Section        0  lpc17xx_uart.o(i.UART_IntConfig)
    i.UART_ReceiveByte                       0x00002a74   Section        0  lpc17xx_uart.o(i.UART_ReceiveByte)
    i.UART_SendByte                          0x00002ac0   Section        0  lpc17xx_uart.o(i.UART_SendByte)
    i.UART_TxCmd                             0x00002b0c   Section        0  lpc17xx_uart.o(i.UART_TxCmd)
    i.check_failed                           0x00002ba0   Section        0  term_project.o(i.check_failed)
    i.converPtrToTimeNum                     0x00002ba4   Section        0  lpc17xx_timer.o(i.converPtrToTimeNum)
    converPtrToTimeNum                       0x00002ba5   Thumb Code    46  lpc17xx_timer.o(i.converPtrToTimeNum)
    i.converUSecToVal                        0x00002be0   Section        0  lpc17xx_timer.o(i.converUSecToVal)
    converUSecToVal                          0x00002be1   Thumb Code    50  lpc17xx_timer.o(i.converUSecToVal)
    i.getPClock                              0x00002c18   Section        0  lpc17xx_timer.o(i.getPClock)
    getPClock                                0x00002c19   Thumb Code    66  lpc17xx_timer.o(i.getPClock)
    i.main                                   0x00002c5c   Section        0  term_project.o(i.main)
    i.setInterruptPriorities                 0x00003248   Section        0  term_project.o(i.setInterruptPriorities)
    i.uart0_set_mode                         0x0000327c   Section        0  term_project.o(i.uart0_set_mode)
    i.uart_set_divisors                      0x000032f4   Section        0  lpc17xx_uart.o(i.uart_set_divisors)
    uart_set_divisors                        0x000032f5   Thumb Code   464  lpc17xx_uart.o(i.uart_set_divisors)
    x$fpl$dfixu                              0x000034d4   Section       90  dfixu.o(x$fpl$dfixu)
    x$fpl$dflt                               0x0000352e   Section       46  dflt_clz.o(x$fpl$dflt)
    x$fpl$dmul                               0x0000355c   Section      340  dmul.o(x$fpl$dmul)
    x$fpl$dnaninf                            0x000036b0   Section      156  dnaninf.o(x$fpl$dnaninf)
    x$fpl$dretinf                            0x0000374c   Section       12  dretinf.o(x$fpl$dretinf)
    .constdata                               0x00003758   Section      923  term_project.o(.constdata)
    .constdata                               0x00003af3   Section       16  led_mcb1700.o(.constdata)
    .conststring                             0x00003b04   Section       92  lpc17xx_uart.o(.conststring)
    .conststring                             0x00003b60   Section       93  lpc17xx_timer.o(.conststring)
    .data                                    0x10000000   Section      112  term_project.o(.data)
    .data                                    0x10000070   Section        4  system_lpc17xx.o(.data)
    .bss                                     0x10000074   Section      756  term_project.o(.bss)
    .bss                                     0x10000368   Section       96  libspace.o(.bss)
    HEAP                                     0x100003c8   Section        0  startup_lpc17xx.o(HEAP)
    STACK                                    0x100003c8   Section      512  startup_lpc17xx.o(STACK)
    Heap_Mem                                 0x100003c8   Data           0  startup_lpc17xx.o(HEAP)
    Stack_Mem                                0x100003c8   Data         512  startup_lpc17xx.o(STACK)
    __initial_sp                             0x100005c8   Data           0  startup_lpc17xx.o(STACK)

    Global Symbols

    Symbol Name                              Value     Ov Type        Size  Object(Section)

    BuildAttributes$$THM_ISAv4$P$D$K$B$S$PE$A:L22UL41UL21$X:L11$S22US41US21$IEEE1$IW$USESV6$~STKCKD$USESV7$~SHL$OSPACE$ROPI$EBA8$UX$STANDARDLIB$REQ8$PRES8$EABIv2 0x00000000   Number         0  anon$$obj.o ABSOLUTE
    __ARM_use_no_argv                        0x00000000   Number         0  term_project.o ABSOLUTE
    __Vectors                                0x00000000   Data           4  startup_lpc17xx.o(RESET)
    __ARM_exceptions_init                     - Undefined Weak Reference
    __alloca_initialize                       - Undefined Weak Reference
    __arm_preinit_                            - Undefined Weak Reference
    __cpp_initialize__aeabi_                  - Undefined Weak Reference
    __cxa_finalize                            - Undefined Weak Reference
    __rt_locale                               - Undefined Weak Reference
    __sigvec_lookup                           - Undefined Weak Reference
    _atexit_init                              - Undefined Weak Reference
    _call_atexit_fns                          - Undefined Weak Reference
    _clock_init                               - Undefined Weak Reference
    _fp_trap_init                             - Undefined Weak Reference
    _fp_trap_shutdown                         - Undefined Weak Reference
    _get_lc_collate                           - Undefined Weak Reference
    _get_lc_ctype                             - Undefined Weak Reference
    _get_lc_monetary                          - Undefined Weak Reference
    _get_lc_numeric                           - Undefined Weak Reference
    _get_lc_time                              - Undefined Weak Reference
    _getenv_init                              - Undefined Weak Reference
    _handle_redirection                       - Undefined Weak Reference
    _init_alloc                               - Undefined Weak Reference
    _init_user_alloc                          - Undefined Weak Reference
    _initio                                   - Undefined Weak Reference
    _rand_init                                - Undefined Weak Reference
    _signal_finish                            - Undefined Weak Reference
    _signal_init                              - Undefined Weak Reference
    _terminate_alloc                          - Undefined Weak Reference
    _terminate_user_alloc                     - Undefined Weak Reference
    _terminateio                              - Undefined Weak Reference
    __main                                   0x000000cd   Thumb Code     8  __main.o(!!!main)
    __scatterload                            0x000000d5   Thumb Code     0  __scatter.o(!!!scatter)
    __scatterload_rt2                        0x000000d5   Thumb Code    44  __scatter.o(!!!scatter)
    __scatterload_rt2_thumb_only             0x000000d5   Thumb Code     0  __scatter.o(!!!scatter)
    __scatterload_null                       0x000000e3   Thumb Code     0  __scatter.o(!!!scatter)
    __scatterload_copy                       0x00000109   Thumb Code    26  __scatter_copy.o(!!handler_copy)
    __scatterload_zeroinit                   0x00000125   Thumb Code    28  __scatter_zi.o(!!handler_zi)
    __rt_lib_init                            0x00000141   Thumb Code     0  libinit.o(.ARM.Collect$$libinit$$00000000)
    __rt_lib_init_alloca_1                   0x00000143   Thumb Code     0  libinit2.o(.ARM.Collect$$libinit$$0000002E)
    __rt_lib_init_argv_1                     0x00000143   Thumb Code     0  libinit2.o(.ARM.Collect$$libinit$$0000002C)
    __rt_lib_init_atexit_1                   0x00000143   Thumb Code     0  libinit2.o(.ARM.Collect$$libinit$$0000001B)
    __rt_lib_init_clock_1                    0x00000143   Thumb Code     0  libinit2.o(.ARM.Collect$$libinit$$00000021)
    __rt_lib_init_cpp_1                      0x00000143   Thumb Code     0  libinit2.o(.ARM.Collect$$libinit$$00000032)
    __rt_lib_init_exceptions_1               0x00000143   Thumb Code     0  libinit2.o(.ARM.Collect$$libinit$$00000030)
    __rt_lib_init_fp_1                       0x00000143   Thumb Code     0  libinit2.o(.ARM.Collect$$libinit$$00000002)
    __rt_lib_init_fp_trap_1                  0x00000143   Thumb Code     0  libinit2.o(.ARM.Collect$$libinit$$0000001F)
    __rt_lib_init_getenv_1                   0x00000143   Thumb Code     0  libinit2.o(.ARM.Collect$$libinit$$00000023)
    __rt_lib_init_heap_1                     0x00000143   Thumb Code     0  libinit2.o(.ARM.Collect$$libinit$$0000000A)
    __rt_lib_init_lc_collate_1               0x00000143   Thumb Code     0  libinit2.o(.ARM.Collect$$libinit$$00000011)
    __rt_lib_init_lc_ctype_1                 0x00000143   Thumb Code     0  libinit2.o(.ARM.Collect$$libinit$$00000013)
    __rt_lib_init_lc_monetary_1              0x00000143   Thumb Code     0  libinit2.o(.ARM.Collect$$libinit$$00000015)
    __rt_lib_init_lc_numeric_1               0x00000143   Thumb Code     0  libinit2.o(.ARM.Collect$$libinit$$00000017)
    __rt_lib_init_lc_time_1                  0x00000143   Thumb Code     0  libinit2.o(.ARM.Collect$$libinit$$00000019)
    __rt_lib_init_preinit_1                  0x00000143   Thumb Code     0  libinit2.o(.ARM.Collect$$libinit$$00000004)
    __rt_lib_init_rand_1                     0x00000143   Thumb Code     0  libinit2.o(.ARM.Collect$$libinit$$0000000E)
    __rt_lib_init_return                     0x00000143   Thumb Code     0  libinit2.o(.ARM.Collect$$libinit$$00000033)
    __rt_lib_init_signal_1                   0x00000143   Thumb Code     0  libinit2.o(.ARM.Collect$$libinit$$0000001D)
    __rt_lib_init_stdio_1                    0x00000143   Thumb Code     0  libinit2.o(.ARM.Collect$$libinit$$00000025)
    __rt_lib_init_user_alloc_1               0x00000143   Thumb Code     0  libinit2.o(.ARM.Collect$$libinit$$0000000C)
    __rt_lib_shutdown                        0x00000145   Thumb Code     0  libshutdown.o(.ARM.Collect$$libshutdown$$00000000)
    __rt_lib_shutdown_fp_trap_1              0x00000147   Thumb Code     0  libshutdown2.o(.ARM.Collect$$libshutdown$$00000006)
    __rt_lib_shutdown_heap_1                 0x00000147   Thumb Code     0  libshutdown2.o(.ARM.Collect$$libshutdown$$0000000E)
    __rt_lib_shutdown_return                 0x00000147   Thumb Code     0  libshutdown2.o(.ARM.Collect$$libshutdown$$0000000F)
    __rt_lib_shutdown_signal_1               0x00000147   Thumb Code     0  libshutdown2.o(.ARM.Collect$$libshutdown$$00000009)
    __rt_lib_shutdown_stdio_1                0x00000147   Thumb Code     0  libshutdown2.o(.ARM.Collect$$libshutdown$$00000003)
    __rt_lib_shutdown_user_alloc_1           0x00000147   Thumb Code     0  libshutdown2.o(.ARM.Collect$$libshutdown$$0000000B)
    __rt_entry                               0x00000149   Thumb Code     0  __rtentry.o(.ARM.Collect$$rtentry$$00000000)
    __rt_entry_presh_1                       0x00000149   Thumb Code     0  __rtentry2.o(.ARM.Collect$$rtentry$$00000002)
    __rt_entry_sh                            0x00000149   Thumb Code     0  __rtentry4.o(.ARM.Collect$$rtentry$$00000004)
    __rt_entry_li                            0x0000014f   Thumb Code     0  __rtentry2.o(.ARM.Collect$$rtentry$$0000000A)
    __rt_entry_postsh_1                      0x0000014f   Thumb Code     0  __rtentry2.o(.ARM.Collect$$rtentry$$00000009)
    __rt_entry_main                          0x00000153   Thumb Code     0  __rtentry2.o(.ARM.Collect$$rtentry$$0000000D)
    __rt_entry_postli_1                      0x00000153   Thumb Code     0  __rtentry2.o(.ARM.Collect$$rtentry$$0000000C)
    __rt_exit                                0x0000015b   Thumb Code     0  rtexit.o(.ARM.Collect$$rtexit$$00000000)
    __rt_exit_ls                             0x0000015d   Thumb Code     0  rtexit2.o(.ARM.Collect$$rtexit$$00000003)
    __rt_exit_prels_1                        0x0000015d   Thumb Code     0  rtexit2.o(.ARM.Collect$$rtexit$$00000002)
    __rt_exit_exit                           0x00000161   Thumb Code     0  rtexit2.o(.ARM.Collect$$rtexit$$00000004)
    Reset_Handler                            0x00000169   Thumb Code     8  startup_lpc17xx.o(.text)
    NMI_Handler                              0x00000171   Thumb Code     2  startup_lpc17xx.o(.text)
    HardFault_Handler                        0x00000173   Thumb Code     2  startup_lpc17xx.o(.text)
    MemManage_Handler                        0x00000175   Thumb Code     2  startup_lpc17xx.o(.text)
    BusFault_Handler                         0x00000177   Thumb Code     2  startup_lpc17xx.o(.text)
    UsageFault_Handler                       0x00000179   Thumb Code     2  startup_lpc17xx.o(.text)
    SVC_Handler                              0x0000017b   Thumb Code     2  startup_lpc17xx.o(.text)
    DebugMon_Handler                         0x0000017d   Thumb Code     2  startup_lpc17xx.o(.text)
    PendSV_Handler                           0x0000017f   Thumb Code     2  startup_lpc17xx.o(.text)
    SysTick_Handler                          0x00000181   Thumb Code     2  startup_lpc17xx.o(.text)
    ADC_IRQHandler                           0x00000183   Thumb Code     0  startup_lpc17xx.o(.text)
    BOD_IRQHandler                           0x00000183   Thumb Code     0  startup_lpc17xx.o(.text)
    CANActivity_IRQHandler                   0x00000183   Thumb Code     0  startup_lpc17xx.o(.text)
    CAN_IRQHandler                           0x00000183   Thumb Code     0  startup_lpc17xx.o(.text)
    DMA_IRQHandler                           0x00000183   Thumb Code     0  startup_lpc17xx.o(.text)
    EINT0_IRQHandler                         0x00000183   Thumb Code     0  startup_lpc17xx.o(.text)
    EINT1_IRQHandler                         0x00000183   Thumb Code     0  startup_lpc17xx.o(.text)
    EINT2_IRQHandler                         0x00000183   Thumb Code     0  startup_lpc17xx.o(.text)
    EINT3_IRQHandler                         0x00000183   Thumb Code     0  startup_lpc17xx.o(.text)
    ENET_IRQHandler                          0x00000183   Thumb Code     0  startup_lpc17xx.o(.text)
    I2C0_IRQHandler                          0x00000183   Thumb Code     0  startup_lpc17xx.o(.text)
    I2C1_IRQHandler                          0x00000183   Thumb Code     0  startup_lpc17xx.o(.text)
    I2C2_IRQHandler                          0x00000183   Thumb Code     0  startup_lpc17xx.o(.text)
    I2S_IRQHandler                           0x00000183   Thumb Code     0  startup_lpc17xx.o(.text)
    MCPWM_IRQHandler                         0x00000183   Thumb Code     0  startup_lpc17xx.o(.text)
    PLL0_IRQHandler                          0x00000183   Thumb Code     0  startup_lpc17xx.o(.text)
    PLL1_IRQHandler                          0x00000183   Thumb Code     0  startup_lpc17xx.o(.text)
    PWM1_IRQHandler                          0x00000183   Thumb Code     0  startup_lpc17xx.o(.text)
    QEI_IRQHandler                           0x00000183   Thumb Code     0  startup_lpc17xx.o(.text)
    RIT_IRQHandler                           0x00000183   Thumb Code     0  startup_lpc17xx.o(.text)
    RTC_IRQHandler                           0x00000183   Thumb Code     0  startup_lpc17xx.o(.text)
    SPI_IRQHandler                           0x00000183   Thumb Code     0  startup_lpc17xx.o(.text)
    SSP0_IRQHandler                          0x00000183   Thumb Code     0  startup_lpc17xx.o(.text)
    SSP1_IRQHandler                          0x00000183   Thumb Code     0  startup_lpc17xx.o(.text)
    UART2_IRQHandler                         0x00000183   Thumb Code     0  startup_lpc17xx.o(.text)
    UART3_IRQHandler                         0x00000183   Thumb Code     0  startup_lpc17xx.o(.text)
    USBActivity_IRQHandler                   0x00000183   Thumb Code     0  startup_lpc17xx.o(.text)
    USB_IRQHandler                           0x00000183   Thumb Code     0  startup_lpc17xx.o(.text)
    WDT_IRQHandler                           0x00000183   Thumb Code     0  startup_lpc17xx.o(.text)
    __user_initial_stackheap                 0x00000185   Thumb Code     0  startup_lpc17xx.o(.text)
    __aeabi_uldivmod                         0x000001a5   Thumb Code     0  lludivv7m.o(.text)
    _ll_udiv                                 0x000001a5   Thumb Code   238  lludivv7m.o(.text)
    __use_two_region_memory                  0x00000293   Thumb Code     2  heapauxi.o(.text)
    __rt_heap_escrow$2region                 0x00000295   Thumb Code     2  heapauxi.o(.text)
    __rt_heap_expand$2region                 0x00000297   Thumb Code     2  heapauxi.o(.text)
    __user_setup_stackheap                   0x00000299   Thumb Code    74  sys_stackheap_outer.o(.text)
    exit                                     0x000002e3   Thumb Code    12  exit.o(.text)
    __user_libspace                          0x000002f1   Thumb Code     8  libspace.o(.text)
    __user_perproc_libspace                  0x000002f1   Thumb Code     0  libspace.o(.text)
    __user_perthread_libspace                0x000002f1   Thumb Code     0  libspace.o(.text)
    __I$use$semihosting                      0x000002f9   Thumb Code     0  use_no_semi.o(.text)
    __use_no_semihosting_swi                 0x000002f9   Thumb Code     2  use_no_semi.o(.text)
    __I$use$fp                               0x000002fa   Number         0  usenofp.o(x$fpl$usenofp)
    __semihosting_library_function           0x000002fb   Thumb Code     0  indicate_semi.o(.text)
    _sys_exit                                0x00000301   Thumb Code     8  sys_exit.o(.text)
    CLKPWR_ConfigPPWR                        0x0000030d   Thumb Code    46  lpc17xx_clkpwr.o(i.CLKPWR_ConfigPPWR)
    CLKPWR_GetPCLK                           0x00000345   Thumb Code    58  lpc17xx_clkpwr.o(i.CLKPWR_GetPCLK)
    CLKPWR_GetPCLKSEL                        0x00000385   Thumb Code    34  lpc17xx_clkpwr.o(i.CLKPWR_GetPCLKSEL)
    CLKPWR_SetPCLKDiv                        0x000003ad   Thumb Code    94  lpc17xx_clkpwr.o(i.CLKPWR_SetPCLKDiv)
    GPIO_PinWrite                            0x00000415   Thumb Code    36  gpio_lpc17xx.o(i.GPIO_PinWrite)
    GPIO_PortClock                           0x0000043d   Thumb Code    38  gpio_lpc17xx.o(i.GPIO_PortClock)
    GPIO_SetDir                              0x00000469   Thumb Code    52  gpio_lpc17xx.o(i.GPIO_SetDir)
    LED_Initialize                           0x000004a1   Thumb Code    88  led_mcb1700.o(i.LED_Initialize)
    LED_Off                                  0x000004fd   Thumb Code    28  led_mcb1700.o(i.LED_Off)
    LED_On                                   0x0000051d   Thumb Code    28  led_mcb1700.o(i.LED_On)
    PIN_Configure                            0x00000595   Thumb Code   246  pin_lpc17xx.o(i.PIN_Configure)
    SystemCoreClockUpdate                    0x00000691   Thumb Code   408  system_lpc17xx.o(i.SystemCoreClockUpdate)
    SystemInit                               0x00000839   Thumb Code   302  system_lpc17xx.o(i.SystemInit)
    TIMER0_IRQHandler                        0x00000979   Thumb Code   174  term_project.o(i.TIMER0_IRQHandler)
    TIMER0_Init_ByReg                        0x00000a41   Thumb Code   120  term_project.o(i.TIMER0_Init_ByReg)
    TIMER0_MakeCar_ByReg                     0x00000ac9   Thumb Code   178  term_project.o(i.TIMER0_MakeCar_ByReg)
    TIMER1_IRQHandler                        0x00000b91   Thumb Code   162  term_project.o(i.TIMER1_IRQHandler)
    TIMER1_Init_ByFunc                       0x00000c4d   Thumb Code    36  term_project.o(i.TIMER1_Init_ByFunc)
    TIMER1_MakeCar_ByFunc                    0x00000c79   Thumb Code   244  term_project.o(i.TIMER1_MakeCar_ByFunc)
    TIMER2_IRQHandler                        0x00000d89   Thumb Code   166  term_project.o(i.TIMER2_IRQHandler)
    TIMER2_Init_ByReg                        0x00000e4d   Thumb Code   116  term_project.o(i.TIMER2_Init_ByReg)
    TIMER2_MakeCar_ByReg                     0x00000ed5   Thumb Code   170  term_project.o(i.TIMER2_MakeCar_ByReg)
    TIMER3_IRQHandler                        0x00000f99   Thumb Code   162  term_project.o(i.TIMER3_IRQHandler)
    TIMER3_Init_ByFunc                       0x00001055   Thumb Code    36  term_project.o(i.TIMER3_Init_ByFunc)
    TIMER3_MakeCar_ByFunc                    0x00001081   Thumb Code   244  term_project.o(i.TIMER3_MakeCar_ByFunc)
    TIM_Cmd                                  0x00001191   Thumb Code    66  lpc17xx_timer.o(i.TIM_Cmd)
    TIM_ConfigMatch                          0x000011e5   Thumb Code   246  lpc17xx_timer.o(i.TIM_ConfigMatch)
    TIM_Init                                 0x000012ed   Thumb Code   272  lpc17xx_timer.o(i.TIM_Init)
    TIM_ResetCounter                         0x0000140d   Thumb Code    58  lpc17xx_timer.o(i.TIM_ResetCounter)
    UART0_IRQHandler                         0x00001459   Thumb Code  3488  term_project.o(i.UART0_IRQHandler)
    UART0_Init_ByFunc                        0x00002219   Thumb Code   188  term_project.o(i.UART0_Init_ByFunc)
    UART1_IRQHandler                         0x000022ed   Thumb Code   462  term_project.o(i.UART1_IRQHandler)
    UART1_Init_ByReg                         0x00002509   Thumb Code   160  term_project.o(i.UART1_Init_ByReg)
    UART_FIFOConfig                          0x000025b9   Thumb Code   244  lpc17xx_uart.o(i.UART_FIFOConfig)
    UART_FIFOConfigStructInit                0x000026c1   Thumb Code    14  lpc17xx_uart.o(i.UART_FIFOConfigStructInit)
    UART_GetIntId                            0x000026d1   Thumb Code    50  lpc17xx_uart.o(i.UART_GetIntId)
    UART_GetLineStatus                       0x00002719   Thumb Code    54  lpc17xx_uart.o(i.UART_GetLineStatus)
    UART_Init                                0x00002765   Thumb Code   490  lpc17xx_uart.o(i.UART_Init)
    UART_IntConfig                           0x00002965   Thumb Code   252  lpc17xx_uart.o(i.UART_IntConfig)
    UART_ReceiveByte                         0x00002a75   Thumb Code    54  lpc17xx_uart.o(i.UART_ReceiveByte)
    UART_SendByte                            0x00002ac1   Thumb Code    56  lpc17xx_uart.o(i.UART_SendByte)
    UART_TxCmd                               0x00002b0d   Thumb Code   128  lpc17xx_uart.o(i.UART_TxCmd)
    check_failed                             0x00002ba1   Thumb Code     4  term_project.o(i.check_failed)
    main                                     0x00002c5d   Thumb Code  1456  term_project.o(i.main)
    setInterruptPriorities                   0x00003249   Thumb Code    52  term_project.o(i.setInterruptPriorities)
    uart0_set_mode                           0x0000327d   Thumb Code    94  term_project.o(i.uart0_set_mode)
    __aeabi_d2uiz                            0x000034d5   Thumb Code     0  dfixu.o(x$fpl$dfixu)
    _dfixu                                   0x000034d5   Thumb Code    90  dfixu.o(x$fpl$dfixu)
    __aeabi_i2d                              0x0000352f   Thumb Code     0  dflt_clz.o(x$fpl$dflt)
    _dflt                                    0x0000352f   Thumb Code    46  dflt_clz.o(x$fpl$dflt)
    __aeabi_dmul                             0x0000355d   Thumb Code     0  dmul.o(x$fpl$dmul)
    _dmul                                    0x0000355d   Thumb Code   332  dmul.o(x$fpl$dmul)
    __fpl_dnaninf                            0x000036b1   Thumb Code   156  dnaninf.o(x$fpl$dnaninf)
    __fpl_dretinf                            0x0000374d   Thumb Code    12  dretinf.o(x$fpl$dretinf)
    menu                                     0x00003758   Data          85  term_project.o(.constdata)
    agency_info                              0x000037ad   Data          69  term_project.o(.constdata)
    car_select                               0x000037f2   Data         299  term_project.o(.constdata)
    tim_select                               0x0000391d   Data         205  term_project.o(.constdata)
    set_password                             0x000039ea   Data          83  term_project.o(.constdata)
    tim_full                                 0x00003a3d   Data          57  term_project.o(.constdata)
    realtime                                 0x00003a76   Data          64  term_project.o(.constdata)
    garage_full                              0x00003ab6   Data          61  term_project.o(.constdata)
    LED_PIN                                  0x00003af3   Data          16  led_mcb1700.o(.constdata)
    Region$$Table$$Base                      0x00003bc0   Number         0  anon$$obj.o(Region$$Table)
    Region$$Table$$Limit                     0x00003be0   Number         0  anon$$obj.o(Region$$Table)
    LEDOn                                    0x10000000   Data           4  term_project.o(.data)
    LEDOff                                   0x10000004   Data           4  term_project.o(.data)
    tim0_realtime_flag                       0x10000008   Data           6  term_project.o(.data)
    tim1_realtime_flag                       0x1000000e   Data           6  term_project.o(.data)
    tim2_realtime_flag                       0x10000014   Data           6  term_project.o(.data)
    tim3_realtime_flag                       0x1000001a   Data           6  term_project.o(.data)
    tim0_front                               0x10000020   Data           1  term_project.o(.data)
    tim1_front                               0x10000021   Data           1  term_project.o(.data)
    tim2_front                               0x10000022   Data           1  term_project.o(.data)
    tim3_front                               0x10000023   Data           1  term_project.o(.data)
    i                                        0x10000024   Data           4  term_project.o(.data)
    transfer_idx                             0x10000028   Data           4  term_project.o(.data)
    user_idx                                 0x1000002c   Data           4  term_project.o(.data)
    password_idx                             0x10000030   Data           4  term_project.o(.data)
    garage_num                               0x10000034   Data           1  term_project.o(.data)
    making_tim_num                           0x10000035   Data           1  term_project.o(.data)
    uart0_tx_menu                            0x10000036   Data           1  term_project.o(.data)
    uart0_tx_agency_info                     0x10000037   Data           1  term_project.o(.data)
    uart0_tx_car_select                      0x10000038   Data           1  term_project.o(.data)
    uart0_tx_tim_select                      0x10000039   Data           1  term_project.o(.data)
    uart0_tx_set_password                    0x1000003a   Data           1  term_project.o(.data)
    uart0_rx_eflg                            0x1000003b   Data           1  term_project.o(.data)
    uart0_tx_realtime                        0x1000003c   Data           1  term_project.o(.data)
    uart1_tx_userinfo                        0x1000003d   Data           1  term_project.o(.data)
    uart1_tx_request_agency_info             0x1000003e   Data           1  term_project.o(.data)
    uart0_rx_data                            0x1000003f   Data           1  term_project.o(.data)
    uart1_rx_data                            0x10000040   Data           1  term_project.o(.data)
    menu_mode                                0x10000041   Data           1  term_project.o(.data)
    agency_mode                              0x10000042   Data           1  term_project.o(.data)
    car_select_mode                          0x10000043   Data           1  term_project.o(.data)
    set_password_mode                        0x10000044   Data           1  term_project.o(.data)
    tim_select_mode                          0x10000045   Data           1  term_project.o(.data)
    realtime_mode                            0x10000046   Data           1  term_project.o(.data)
    transfer_userinfo_mode                   0x10000047   Data           1  term_project.o(.data)
    request_agencyinfo_mode                  0x10000048   Data           1  term_project.o(.data)
    is_realtime                              0x10000049   Data           1  term_project.o(.data)
    is_setting                               0x1000004a   Data           1  term_project.o(.data)
    tim_is_full                              0x1000004b   Data           1  term_project.o(.data)
    order_is_full                            0x1000004c   Data           1  term_project.o(.data)
    purchase_is_full                         0x1000004d   Data           1  term_project.o(.data)
    realtime_flag_tim                        0x1000004e   Data           4  term_project.o(.data)
    UART_config_struct                       0x10000054   Data           8  term_project.o(.data)
    UART_FIFO_config_struct                  0x1000005c   Data           4  term_project.o(.data)
    TIM1_ConfigStruct                        0x10000060   Data           8  term_project.o(.data)
    TIM3_ConfigStruct                        0x10000068   Data           8  term_project.o(.data)
    SystemCoreClock                          0x10000070   Data           4  system_lpc17xx.o(.data)
    user                                     0x10000074   Data           9  term_project.o(.bss)
    tim0_fifo_user                           0x1000007d   Data         180  term_project.o(.bss)
    tim1_fifo_user                           0x10000131   Data         180  term_project.o(.bss)
    tim2_fifo_user                           0x100001e5   Data         180  term_project.o(.bss)
    tim3_fifo_user                           0x10000299   Data         180  term_project.o(.bss)
    TIM1_MatchConfigStruct                   0x10000350   Data          12  term_project.o(.bss)
    TIM3_MatchConfigStruct                   0x1000035c   Data          12  term_project.o(.bss)
    __libspace_start                         0x10000368   Data          96  libspace.o(.bss)
    __temporary_stack_top$libspace           0x100003c8   Data           0  libspace.o(.bss)



==============================================================================

Memory Map of the image

  Image Entry point : 0x00000169

  Load Region LR_1 (Base: 0x00000000, Size: 0x00003c54, Max: 0xffffffff, ABSOLUTE)

    Execution Region ER_RO (Base: 0x00000000, Size: 0x00003be0, Max: 0xffffffff, ABSOLUTE)

    Base Addr    Size         Type   Attr      Idx    E Section Name        Object

    0x00000000   0x000000cc   Data   RO          874    RESET               startup_lpc17xx.o
    0x000000cc   0x00000008   Code   RO          924  * !!!main             c_w.l(__main.o)
    0x000000d4   0x00000034   Code   RO         1107    !!!scatter          c_w.l(__scatter.o)
    0x00000108   0x0000001a   Code   RO         1109    !!handler_copy      c_w.l(__scatter_copy.o)
    0x00000122   0x00000002   PAD
    0x00000124   0x0000001c   Code   RO         1111    !!handler_zi        c_w.l(__scatter_zi.o)
    0x00000140   0x00000002   Code   RO          978    .ARM.Collect$$libinit$$00000000  c_w.l(libinit.o)
    0x00000142   0x00000000   Code   RO          991    .ARM.Collect$$libinit$$00000002  c_w.l(libinit2.o)
    0x00000142   0x00000000   Code   RO          993    .ARM.Collect$$libinit$$00000004  c_w.l(libinit2.o)
    0x00000142   0x00000000   Code   RO          996    .ARM.Collect$$libinit$$0000000A  c_w.l(libinit2.o)
    0x00000142   0x00000000   Code   RO          998    .ARM.Collect$$libinit$$0000000C  c_w.l(libinit2.o)
    0x00000142   0x00000000   Code   RO         1000    .ARM.Collect$$libinit$$0000000E  c_w.l(libinit2.o)
    0x00000142   0x00000000   Code   RO         1003    .ARM.Collect$$libinit$$00000011  c_w.l(libinit2.o)
    0x00000142   0x00000000   Code   RO         1005    .ARM.Collect$$libinit$$00000013  c_w.l(libinit2.o)
    0x00000142   0x00000000   Code   RO         1007    .ARM.Collect$$libinit$$00000015  c_w.l(libinit2.o)
    0x00000142   0x00000000   Code   RO         1009    .ARM.Collect$$libinit$$00000017  c_w.l(libinit2.o)
    0x00000142   0x00000000   Code   RO         1011    .ARM.Collect$$libinit$$00000019  c_w.l(libinit2.o)
    0x00000142   0x00000000   Code   RO         1013    .ARM.Collect$$libinit$$0000001B  c_w.l(libinit2.o)
    0x00000142   0x00000000   Code   RO         1015    .ARM.Collect$$libinit$$0000001D  c_w.l(libinit2.o)
    0x00000142   0x00000000   Code   RO         1017    .ARM.Collect$$libinit$$0000001F  c_w.l(libinit2.o)
    0x00000142   0x00000000   Code   RO         1019    .ARM.Collect$$libinit$$00000021  c_w.l(libinit2.o)
    0x00000142   0x00000000   Code   RO         1021    .ARM.Collect$$libinit$$00000023  c_w.l(libinit2.o)
    0x00000142   0x00000000   Code   RO         1023    .ARM.Collect$$libinit$$00000025  c_w.l(libinit2.o)
    0x00000142   0x00000000   Code   RO         1027    .ARM.Collect$$libinit$$0000002C  c_w.l(libinit2.o)
    0x00000142   0x00000000   Code   RO         1029    .ARM.Collect$$libinit$$0000002E  c_w.l(libinit2.o)
    0x00000142   0x00000000   Code   RO         1031    .ARM.Collect$$libinit$$00000030  c_w.l(libinit2.o)
    0x00000142   0x00000000   Code   RO         1033    .ARM.Collect$$libinit$$00000032  c_w.l(libinit2.o)
    0x00000142   0x00000002   Code   RO         1034    .ARM.Collect$$libinit$$00000033  c_w.l(libinit2.o)
    0x00000144   0x00000002   Code   RO         1065    .ARM.Collect$$libshutdown$$00000000  c_w.l(libshutdown.o)
    0x00000146   0x00000000   Code   RO         1092    .ARM.Collect$$libshutdown$$00000003  c_w.l(libshutdown2.o)
    0x00000146   0x00000000   Code   RO         1095    .ARM.Collect$$libshutdown$$00000006  c_w.l(libshutdown2.o)
    0x00000146   0x00000000   Code   RO         1098    .ARM.Collect$$libshutdown$$00000009  c_w.l(libshutdown2.o)
    0x00000146   0x00000000   Code   RO         1100    .ARM.Collect$$libshutdown$$0000000B  c_w.l(libshutdown2.o)
    0x00000146   0x00000000   Code   RO         1103    .ARM.Collect$$libshutdown$$0000000E  c_w.l(libshutdown2.o)
    0x00000146   0x00000002   Code   RO         1104    .ARM.Collect$$libshutdown$$0000000F  c_w.l(libshutdown2.o)
    0x00000148   0x00000000   Code   RO          938    .ARM.Collect$$rtentry$$00000000  c_w.l(__rtentry.o)
    0x00000148   0x00000000   Code   RO          949    .ARM.Collect$$rtentry$$00000002  c_w.l(__rtentry2.o)
    0x00000148   0x00000006   Code   RO          961    .ARM.Collect$$rtentry$$00000004  c_w.l(__rtentry4.o)
    0x0000014e   0x00000000   Code   RO          951    .ARM.Collect$$rtentry$$00000009  c_w.l(__rtentry2.o)
    0x0000014e   0x00000004   Code   RO          952    .ARM.Collect$$rtentry$$0000000A  c_w.l(__rtentry2.o)
    0x00000152   0x00000000   Code   RO          954    .ARM.Collect$$rtentry$$0000000C  c_w.l(__rtentry2.o)
    0x00000152   0x00000008   Code   RO          955    .ARM.Collect$$rtentry$$0000000D  c_w.l(__rtentry2.o)
    0x0000015a   0x00000002   Code   RO          982    .ARM.Collect$$rtexit$$00000000  c_w.l(rtexit.o)
    0x0000015c   0x00000000   Code   RO         1038    .ARM.Collect$$rtexit$$00000002  c_w.l(rtexit2.o)
    0x0000015c   0x00000004   Code   RO         1039    .ARM.Collect$$rtexit$$00000003  c_w.l(rtexit2.o)
    0x00000160   0x00000006   Code   RO         1040    .ARM.Collect$$rtexit$$00000004  c_w.l(rtexit2.o)
    0x00000166   0x00000002   PAD
    0x00000168   0x0000003c   Code   RO          876  * .text               startup_lpc17xx.o
    0x000001a4   0x000000ee   Code   RO          920    .text               c_w.l(lludivv7m.o)
    0x00000292   0x00000006   Code   RO          922    .text               c_w.l(heapauxi.o)
    0x00000298   0x0000004a   Code   RO          965    .text               c_w.l(sys_stackheap_outer.o)
    0x000002e2   0x0000000c   Code   RO          967    .text               c_w.l(exit.o)
    0x000002ee   0x00000002   PAD
    0x000002f0   0x00000008   Code   RO          979    .text               c_w.l(libspace.o)
    0x000002f8   0x00000002   Code   RO         1054    .text               c_w.l(use_no_semi.o)
    0x000002fa   0x00000000   Code   RO         1056    .text               c_w.l(indicate_semi.o)
    0x000002fa   0x00000000   Code   RO          947    x$fpl$usenofp       fz_ws.l(usenofp.o)
    0x000002fa   0x00000002   PAD
    0x000002fc   0x00000004   Code   RO          875    .ARM.__at_0x02FC    startup_lpc17xx.o
    0x00000300   0x0000000c   Code   RO         1035    .text               c_w.l(sys_exit.o)
    0x0000030c   0x00000038   Code   RO          307    i.CLKPWR_ConfigPPWR  lpc17xx_clkpwr.o
    0x00000344   0x00000040   Code   RO          310    i.CLKPWR_GetPCLK    lpc17xx_clkpwr.o
    0x00000384   0x00000028   Code   RO          311    i.CLKPWR_GetPCLKSEL  lpc17xx_clkpwr.o
    0x000003ac   0x00000068   Code   RO          313    i.CLKPWR_SetPCLKDiv  lpc17xx_clkpwr.o
    0x00000414   0x00000028   Code   RO          786    i.GPIO_PinWrite     gpio_lpc17xx.o
    0x0000043c   0x0000002c   Code   RO          787    i.GPIO_PortClock    gpio_lpc17xx.o
    0x00000468   0x00000038   Code   RO          790    i.GPIO_SetDir       gpio_lpc17xx.o
    0x000004a0   0x0000005c   Code   RO          729    i.LED_Initialize    led_mcb1700.o
    0x000004fc   0x00000020   Code   RO          730    i.LED_Off           led_mcb1700.o
    0x0000051c   0x00000020   Code   RO          731    i.LED_On            led_mcb1700.o
    0x0000053c   0x00000018   Code   RO            4    i.NVIC_ClearPendingIRQ  term_project.o
    0x00000554   0x00000016   Code   RO            5    i.NVIC_EnableIRQ    term_project.o
    0x0000056a   0x00000002   PAD
    0x0000056c   0x00000028   Code   RO            6    i.NVIC_SetPriority  term_project.o
    0x00000594   0x000000fc   Code   RO          839    i.PIN_Configure     pin_lpc17xx.o
    0x00000690   0x000001a8   Code   RO          885    i.SystemCoreClockUpdate  system_lpc17xx.o
    0x00000838   0x00000140   Code   RO          886    i.SystemInit        system_lpc17xx.o
    0x00000978   0x000000c8   Code   RO            7    i.TIMER0_IRQHandler  term_project.o
    0x00000a40   0x00000088   Code   RO            8    i.TIMER0_Init_ByReg  term_project.o
    0x00000ac8   0x000000c8   Code   RO            9    i.TIMER0_MakeCar_ByReg  term_project.o
    0x00000b90   0x000000bc   Code   RO           10    i.TIMER1_IRQHandler  term_project.o
    0x00000c4c   0x0000002c   Code   RO           11    i.TIMER1_Init_ByFunc  term_project.o
    0x00000c78   0x00000110   Code   RO           12    i.TIMER1_MakeCar_ByFunc  term_project.o
    0x00000d88   0x000000c4   Code   RO           13    i.TIMER2_IRQHandler  term_project.o
    0x00000e4c   0x00000088   Code   RO           14    i.TIMER2_Init_ByReg  term_project.o
    0x00000ed4   0x000000c4   Code   RO           15    i.TIMER2_MakeCar_ByReg  term_project.o
    0x00000f98   0x000000bc   Code   RO           16    i.TIMER3_IRQHandler  term_project.o
    0x00001054   0x0000002c   Code   RO           17    i.TIMER3_Init_ByFunc  term_project.o
    0x00001080   0x00000110   Code   RO           18    i.TIMER3_MakeCar_ByFunc  term_project.o
    0x00001190   0x00000054   Code   RO          621    i.TIM_Cmd           lpc17xx_timer.o
    0x000011e4   0x00000108   Code   RO          623    i.TIM_ConfigMatch   lpc17xx_timer.o
    0x000012ec   0x00000120   Code   RO          629    i.TIM_Init          lpc17xx_timer.o
    0x0000140c   0x0000004c   Code   RO          630    i.TIM_ResetCounter  lpc17xx_timer.o
    0x00001458   0x00000dc0   Code   RO           19    i.UART0_IRQHandler  term_project.o
    0x00002218   0x000000d4   Code   RO           20    i.UART0_Init_ByFunc  term_project.o
    0x000022ec   0x0000021c   Code   RO           21    i.UART1_IRQHandler  term_project.o
    0x00002508   0x000000b0   Code   RO           22    i.UART1_Init_ByReg  term_project.o
    0x000025b8   0x00000108   Code   RO          432    i.UART_FIFOConfig   lpc17xx_uart.o
    0x000026c0   0x0000000e   Code   RO          433    i.UART_FIFOConfigStructInit  lpc17xx_uart.o
    0x000026ce   0x00000002   PAD
    0x000026d0   0x00000048   Code   RO          438    i.UART_GetIntId     lpc17xx_uart.o
    0x00002718   0x0000004c   Code   RO          439    i.UART_GetLineStatus  lpc17xx_uart.o
    0x00002764   0x00000200   Code   RO          440    i.UART_Init         lpc17xx_uart.o
    0x00002964   0x00000110   Code   RO          441    i.UART_IntConfig    lpc17xx_uart.o
    0x00002a74   0x0000004c   Code   RO          451    i.UART_ReceiveByte  lpc17xx_uart.o
    0x00002ac0   0x0000004c   Code   RO          453    i.UART_SendByte     lpc17xx_uart.o
    0x00002b0c   0x00000094   Code   RO          454    i.UART_TxCmd        lpc17xx_uart.o
    0x00002ba0   0x00000004   Code   RO           23    i.check_failed      term_project.o
    0x00002ba4   0x0000003c   Code   RO          632    i.converPtrToTimeNum  lpc17xx_timer.o
    0x00002be0   0x00000038   Code   RO          633    i.converUSecToVal   lpc17xx_timer.o
    0x00002c18   0x00000042   Code   RO          634    i.getPClock         lpc17xx_timer.o
    0x00002c5a   0x00000002   PAD
    0x00002c5c   0x000005ec   Code   RO           24    i.main              term_project.o
    0x00003248   0x00000034   Code   RO           25    i.setInterruptPriorities  term_project.o
    0x0000327c   0x00000078   Code   RO           26    i.uart0_set_mode    term_project.o
    0x000032f4   0x000001e0   Code   RO          455    i.uart_set_divisors  lpc17xx_uart.o
    0x000034d4   0x0000005a   Code   RO          926    x$fpl$dfixu         fz_ws.l(dfixu.o)
    0x0000352e   0x0000002e   Code   RO          931    x$fpl$dflt          fz_ws.l(dflt_clz.o)
    0x0000355c   0x00000154   Code   RO          936    x$fpl$dmul          fz_ws.l(dmul.o)
    0x000036b0   0x0000009c   Code   RO          943    x$fpl$dnaninf       fz_ws.l(dnaninf.o)
    0x0000374c   0x0000000c   Code   RO          945    x$fpl$dretinf       fz_ws.l(dretinf.o)
    0x00003758   0x0000039b   Data   RO           29    .constdata          term_project.o
    0x00003af3   0x00000010   Data   RO          734    .constdata          led_mcb1700.o
    0x00003b03   0x00000001   PAD
    0x00003b04   0x0000005c   Data   RO          456    .conststring        lpc17xx_uart.o
    0x00003b60   0x0000005d   Data   RO          635    .conststring        lpc17xx_timer.o
    0x00003bbd   0x00000003   PAD
    0x00003bc0   0x00000020   Data   RO         1105    Region$$Table       anon$$obj.o


    Execution Region ER_RW (Base: 0x10000000, Size: 0x00000074, Max: 0xffffffff, ABSOLUTE)

    Base Addr    Size         Type   Attr      Idx    E Section Name        Object

    0x10000000   0x00000070   Data   RW           30    .data               term_project.o
    0x10000070   0x00000004   Data   RW          887    .data               system_lpc17xx.o


    Execution Region ER_ZI (Base: 0x10000074, Size: 0x00000554, Max: 0xffffffff, ABSOLUTE)

    Base Addr    Size         Type   Attr      Idx    E Section Name        Object

    0x10000074   0x000002f4   Zero   RW           28    .bss                term_project.o
    0x10000368   0x00000060   Zero   RW          980    .bss                c_w.l(libspace.o)
    0x100003c8   0x00000000   Zero   RW          873    HEAP                startup_lpc17xx.o
    0x100003c8   0x00000200   Zero   RW          872    STACK               startup_lpc17xx.o


==============================================================================

Image component sizes


      Code (inc. data)   RO Data    RW Data    ZI Data      Debug   Object Name

       140         14          0          0          0       1699   gpio_lpc17xx.o
       156         12         16          0          0       3314   led_mcb1700.o
       264         32          0          0          0       2581   lpc17xx_clkpwr.o
       894         90         93          0          0       5206   lpc17xx_timer.o
      1990        192         92          0          0       8384   lpc17xx_uart.o
       252          6          0          0          0        772   pin_lpc17xx.o
        64         26        204          0        512        964   startup_lpc17xx.o
       744         34          0          4          0       1303   system_lpc17xx.o
      8298        832        923        112        756      77559   term_project.o

    ----------------------------------------------------------------------
     12808       1238       1364        116       1268     101782   Object Totals
         0          0         32          0          0          0   (incl. Generated)
         6          0          4          0          0          0   (incl. Padding)

    ----------------------------------------------------------------------

      Code (inc. data)   RO Data    RW Data    ZI Data      Debug   Library Member Name

         8          0          0          0          0         68   __main.o
         0          0          0          0          0          0   __rtentry.o
        12          0          0          0          0          0   __rtentry2.o
         6          0          0          0          0          0   __rtentry4.o
        52          8          0          0          0          0   __scatter.o
        26          0          0          0          0          0   __scatter_copy.o
        28          0          0          0          0          0   __scatter_zi.o
        12          0          0          0          0         72   exit.o
         6          0          0          0          0        152   heapauxi.o
         0          0          0          0          0          0   indicate_semi.o
         2          0          0          0          0          0   libinit.o
         2          0          0          0          0          0   libinit2.o
         2          0          0          0          0          0   libshutdown.o
         2          0          0          0          0          0   libshutdown2.o
         8          4          0          0         96         68   libspace.o
       238          0          0          0          0        100   lludivv7m.o
         2          0          0          0          0          0   rtexit.o
        10          0          0          0          0          0   rtexit2.o
        12          4          0          0          0         68   sys_exit.o
        74          0          0          0          0         80   sys_stackheap_outer.o
         2          0          0          0          0         68   use_no_semi.o
        90          4          0          0          0         92   dfixu.o
        46          0          0          0          0         68   dflt_clz.o
       340         12          0          0          0        104   dmul.o
       156          4          0          0          0         92   dnaninf.o
        12          0          0          0          0         68   dretinf.o
         0          0          0          0          0          0   usenofp.o

    ----------------------------------------------------------------------
      1156         36          0          0         96       1100   Library Totals
         8          0          0          0          0          0   (incl. Padding)

    ----------------------------------------------------------------------

      Code (inc. data)   RO Data    RW Data    ZI Data      Debug   Library Name

       504         16          0          0         96        676   c_w.l
       644         20          0          0          0        424   fz_ws.l

    ----------------------------------------------------------------------
      1156         36          0          0         96       1100   Library Totals

    ----------------------------------------------------------------------

==============================================================================


      Code (inc. data)   RO Data    RW Data    ZI Data      Debug   

     13964       1274       1364        116       1364      99810   Grand Totals
     13964       1274       1364        116       1364      99810   ELF Image Totals
     13964       1274       1364        116          0          0   ROM Totals

==============================================================================

    Total RO  Size (Code + RO Data)                15328 (  14.97kB)
    Total RW  Size (RW Data + ZI Data)              1480 (   1.45kB)
    Total ROM Size (Code + RO Data + RW Data)      15444 (  15.08kB)

==============================================================================

